no character
P
W
U
Z
U
U
J
J
U
U
U
F
F
F
U
U
N
Q
Q
Q
Q
T
T
T
T
Z
U
U
G
G
G
I
I
L
L
L
I
I
L
F
F
F
J
U
U
G
N
N
N
U
Y
T
T
U
U
P
V
V
V
no character
no character
O
O
O
O
O
D
D
K
K
Z
Q
Q
Q
H
H
D
D
W
W
D
H
E
E
D
D
W
W
G
D
no character
J
J
R
R
X
X
J
no character
E
K
no character
no character
no character
F
no character
no character
no character
no character
no character
A
A
Q
Q
Q
P
I
I
G
G
G
L
S
S
J
Y
Y
Y
J
J
L
H
H
H
L
L
L
T
F
I
I
I
D
D
L
L
B
B
G
L
J
J
W
I
G
B
B
I
I
Q
Y
V
K
K
Y
Y
U
J
H
E
J
J
J
H
B
E
K
E
O
J
J
J
A
C
C
E
C
C
C
C
C
C
C
A
A
X
X
B
Y
A
A
U
P
P
W
E
W
D
A
B
J
J
J
J
F
F
J
E
E
G
D
D
K
D
D
C
G
E
G
E
G
H
C
R
X
R
V
E
E
G
G
G
G
G
G
C
K
C
Q
D
D
U
U
U
Y
Q
Q
Q
Y
U
U
H
M
J
Y
Y
G
A
A
U
U
E
E
V
H
H
H
H
K
A
A
O
O
O
K
C
C
Q
G
E
W
G
H
D
D
E
I
P
P
P
X
C
U
U
U
T
T
T
Q
T
B
B
F
J
J
S
J
J
J
Q
S
F
D
D
V
V
N
N
N
U
M
J
O
O
O
A
A
A
L
I
O
V
Q
V
V
V
V
V
T
V
O
I
I
I
D
D
D
S
S
S
I
I
W
W
W
S
W
P
M
S
Y
Y
E
E
R
E
M
M
M
U
E
E
C
C
F
F
F
F
K
K
Y
V
V
H
H
H
J
J
C
U
A
C
C
O
O
P
P
P
L
P
P
P
P
A
no character
C
C
Q
W
W
Q
I
A
A
A
L
G
G
G
S
D
M
N
Q
A
Q
Q
Q
Q
M
S
T
R
Y
Y
Y
W
W
W
W
W
W
W
A
A
R
P
R
C
I
T
T
T
T
I
C
C
H
G
G
W
J
L
L
L
L
L
E
E
P
P
C
C
T
P
P
P
P
P
P
T
T
T
N
N
Y
K
K
K
H
W
W
G
A
W
W
Q
Q
Q
Q
R
Z
L
L
O
V
S
S
S
S
W
W
W
R
X
J
L
M
W
S
V
V
Z
Z
Z
J
A
A
A
H
H
H
H
V
H
Q
K
R
O
O
U
C
G
R
R
W
P
P
R
R
B
K
F
K
R
R
R
R
F
F
K
K
Z
W
K
V
Z
I
Z
S
S
S
Z
Z
Z
F
L
H
Z
F
U
R
L
D
N
N
N
N
D
U
Q
Q
H
H
H
H
R
V
F
V
U
U
U
U
S
H
H
H
H
K
K
K
K
K
K
C
C
Z
Z
Z
S
J
J
Q
T
Q
Q
W
F
T
M
M
H
Q
J
J
J
J
D
L
Z
Z
Z
Z
X
X
X
B
P
P
F
F
X
E
X
L
L
X
O
Q
Q
L
K
K
K
K
P
Y
C
Y
K
L
P
P
Y
O
O
E
Q
Q
C
Q
O
