no character
B
W
W
X
X
A
A
A
A
N
Q
K
K
K
K
B
B
M
V
no character
no character
no character
no character
no character
no character
no character
D
T
T
no character
no character
no character
F
T
Z
Z
F
I
I
I
E
E
W
W
E
F
M
no character
no character
no character
no character
E
E
X
S
N
R
C
C
P
S
K
M
M
M
S
P
K
K
Q
K
L
L
K
K
A
A
A
A
Z
Z
P
P
P
Z
S
S
F
F
N
J
F
J
W
W
J
W
M
H
M
W
D
D
P
P
H
H
W
H
W
W
Y
Y
Y
Q
Q
H
Q
Q
Q
Y
Q
Q
Q
Y
M
M
J
J
N
L
S
L
K
K
A
A
Z
Z
J
J
O
O
J
J
N
Q
Q
A
G
G
A
U
O
O
O
L
U
U
U
Q
U
S
S
S
no character
no character
no character
no character
no character
no character
no character
T
T
T
D
S
S
D
D
D
D
D
O
O
O
O
S
L
L
B
B
W
W
L
L
L
B
N
H
N
N
W
W
W
X
F
F
F
F
X
X
X
R
D
R
J
J
S
S
B
B
B
G
G
G
T
E
H
L
L
L
L
J
J
J
J
P
G
G
K
R
R
R
X
Q
I
I
I
P
S
S
S
Z
N
Z
Z
P
P
P
P
M
N
N
D
M
T
I
B
B
V
I
P
P
P
P
C
C
Y
Y
J
N
D
H
H
L
F
G
J
N
V
O
O
O
O
O
D
L
L
L
D
D
Z
G
D
Y
Y
Y
Y
Y
V
Y
P
Y
Y
Q
X
Q
Q
Q
Q
J
Q
H
H
W
S
W
J
Z
Z
Z
O
O
O
O
O
O
O
O
O
Q
B
Q
V
Y
Y
Y
R
R
N
N
S
O
O
O
O
O
O
Z
O
O
U
T
E
T
T
T
T
K
J
A
O
A
A
A
J
U
Q
Q
O
D
D
D
E
E
C
V
V
O
O
Y
Y
X
X
X
X
X
O
N
N
N
O
O
I
G
G
G
V
J
B
N
J
H
H
J
K
K
R
R
R
B
T
Z
A
A
L
M
L
L
D
G
G
D
C
C
F
L
Z
T
L
L
L
I
I
W
I
I
E
F
M
M
F
L
D
D
D
V
O
Q
P
P
S
S
O
V
X
E
R
D
S
H
P
E
P
X
X
P
V
F
T
T
T
T
T
T
T
T
P
L
S
Q
L
B
S
T
T
T
D
V
M
J
R
R
R
O
W
W
R
X
O
R
F
R
R
R
O
O
O
J
Z
P
Z
P
E
J
J
X
X
W
L
T
X
S
S
M
J
C
C
N
S
H
I
I
Q
Q
V
C
J
G
G
G
G
G
J
J
J
J
J
J
F
F
F
F
R
X
X
T
R
B
U
U
U
U
U
C
C
Y
R
Y
L
L
Q
P
K
Y
Z
A
A
I
I
X
E
E
E
E
B
E
E
E
F
E
Y
Y
Y
K
K
M
M
O
J
M
C
V
A
E
E
E
W
W
Q
Q
Q
Q
E
Z
Z
P
P
P
P
P
F
N
I
I
V
V
V
R
D
D
D
D
E
E
E
K
E
E
Y
L
V
J
Z
J
L
L
L
C
G
L
G
P
G
J
N
N
T
T
T
J
J
J
A
L
L
L
I
J
J
J
S
I
I
I
S
A
E
E
H
B
B
H
T
T
R
T
T
H
W
E
B
L
P
C
L
Y
G
J
G
G
Y
G
L
X
W
W
H
W
W
W
W
L
B
B
W
M
X
X
R
A
A
O
T
U
I
V
V
V
S
P
U
R
M
M
G
G
O
O
I
O
O
K
K
K
K
E
S
Z
E
J
U
U
G
G
G
N
H
N
G
B
E
S
S
S
O
O
D
F
N
X
X
X
X
X
N
N
X
X
P
R
B
B
B
B
B
U
O
O
C
C
E
L
N
L
E
E
E
Y
M
M
M
M
M
U
J
H
I
I
U
C
C
S
N
N
N
E
E
Q
N
X
X
Z
N
L
L
G
G
G
R
D
P
B
B
B
U
Z
J
A
J
T
T
T
T
D
Y
T
G
U
U
W
W
W
J
J
J
C
C
C
J
O
O
M
H
H
G
G
S
S
H
G
Q
B
B
H
Z
Z
B
T
Y
J
J
T
T
V
Q
Q
Q
C
Q
Q
Q
I
Q
T
Q
U
C
C
R
R
R
B
A
B
D
D
K
K
D
V
J
J
J
J
O
Q
U
U
U
N
N
V
D
U
S
S
Q
Y
Q
Q
O
O
U
X
X
J
O
T
F
F
F
F
F
F
Z
U
C
T
Y
Y
Y
Y
I
Y
Y
Y
W
W
O
B
T
F
F
F
F
T
N
N
N
N
N
N
Q
E
E
E
X
X
I
W
L
W
E
J
F
F
F
F
B
J
O
O
O
O
E
Q
F
O
R
M
H
M
H
H
H
M
M
P
M
M
L
V
P
M
M
M
F
F
V
J
I
K
I
I
I
D
U
U
U
N
N
A
U
U
Q
Q
Q
G
G
G
V
T
T
T
Y
Y
Y
Q
F
P
C
W
B
B
Y
H
H
H
G
R
U
U
G
H
B
Q
H
Q
S
E
E
E
Z
F
Z
Z
Z
T
T
V
K
K
X
F
F
F
F
N
C
Z
C
N
C
C
C
C
Z
E
M
M
M
Y
K
K
K
G
K
M
M
Q
Q
Q
Q
M
K
W
Y
Y
J
J
J
J
A
C
U
C
J
O
S
S
P
P
H
H
H
H
H
F
F
B
B
J
F
D
D
D
F
F
F
F
C
L
L
T
T
W
C
C
F
S
P
B
Q
Q
R
R
R
A
M
E
E
A
E
U
U
I
Y
W
K
W
B
T
T
M
U
U
U
U
T
T
H
B
K
K
X
X
X
X
X
X
X
I
P
P
T
Z
Z
W
W
M
G
G
E
G
D
D
X
G
A
W
T
T
T
M
X
B
B
B
B
E
E
R
R
R
K
K
K
R
I
O
N
P
H
R
R
H
M
X
X
X
E
H
N
F
F
E
H
O
P
N
F
S
F
D
D
H
E
P
F
M
M
M
M
F
X
X
X
R
C
D
E
E
S
P
Q
Q
U
U
E
K
E
E
E
E
M
M
M
M
M
M
R
Z
Z
N
V
Z
E
U
U
Y
L
U
U
U
U
D
D
D
D
T
Z
X
L
Z
Z
Z
J
T
X
D
D
D
C
V
V
C
U
A
R
F
O
O
O
L
U
A
Y
Z
F
G
G
B
F
A
A
S
S
K
Z
Z
Z
Z
Z
Y
Y
A
A
D
G
P
P
V
O
O
O
F
F
C
T
T
T
J
J
K
F
F
A
N
L
G
B
B
B
B
F
G
V
V
V
J
J
O
O
W
W
W
F
F
F
W
U
Z
G
G
O
O
F
V
S
S
N
P
P
N
N
N
V
Y
C
T
Z
B
C
Y
F
R
R
N
Z
Z
Z
Z
T
T
S
W
W
N
T
T
S
S
V
L
D
M
H
H
T
T
M
M
Z
Q
Q
X
Z
A
C
Z
P
P
J
O
I
Z
A
A
A
I
A
Z
I
I
W
W
O
S
O
O
R
R
V
N
Y
B
Q
B
O
V
E
E
E
E
X
X
K
K
E
H
U
U
U
L
S
S
L
H
H
K
K
K
P
W
P
O
O
O
C
C
C
C
K
K
K
F
W
F
F
R
A
T
Z
Z
Z
D
D
D
D
T
T
F
Z
Z
P
P
P
Z
Z
H
G
Y
Y
K
E
E
Y
Y
J
Z
Z
Y
K
O
D
Z
S
S
T
S
J
J
K
R
O
B
B
L
G
F
E
F
S
A
L
L
N
N
Q
U
B
N
L
A
L
R
R
Z
Z
Z
S
F
F
F
Z
M
M
X
X
S
Z
T
T
K
I
W
W
W
W
I
K
D
K
U
U
K
N
N
E
E
L
W
W
W
G
D
Q
Q
Q
D
D
D
D
G
G
G
A
L
L
H
Z
Z
Z
W
W
O
O
O
W
B
B
W
N
J
B
B
B
N
N
B
U
C
U
U
M
M
M
M
O
O
O
K
P
K
X
K
K
K
K
K
K
K
I
X
Z
E
E
E
B
B
H
Y
T
T
T
R
R
J
J
J
J
J
J
N
J
J
I
I
X
A
P
P
P
J
B
X
X
B
B
B
X
R
U
A
W
W
K
K
K
K
D
J
H
H
H
R
I
O
O
O
O
H
H
X
X
Z
Z
L
G
Z
E
F
S
Y
C
C
P
P
G
O
F
L
F
S
M
B
B
L
L
F
V
Y
A
A
T
T
Y
Y
Y
V
L
K
K
W
N
N
G
G
N
A
Y
M
D
N
N
N
G
Z
Z
J
Q
Q
Q
G
A
A
A
A
E
P
S
S
S
S
S
S
S
U
D
E
A
A
A
V
W
M
A
T
G
Y
Y
R
Y
Y
G
C
P
E
E
U
U
U
E
Y
D
D
E
R
E
Y
Y
Z
Z
R
R
R
E
K
M
S
H
H
H
H
S
S
J
B
B
P
P
H
P
S
I
I
E
C
C
C
C
A
A
A
A
A
C
B
K
V
K
S
B
B
K
B
N
N
K
K
F
B
B
B
B
J
W
J
K
P
P
P
O
O
C
C
C
M
N
M
M
D
J
J
L
P
P
K
T
T
T
K
K
K
K
K
Z
H
H
Q
P
P
P
C
C
E
U
Y
M
M
Y
R
N
Q
U
I
C
C
M
M
M
U
U
A
J
C
U
P
P
P
B
L
F
P
P
U
J
J
T
K
C
G
S
S
F
N
N
V
V
V
V
V
V
G
C
G
G
T
T
T
M
B
B
B
G
Q
Q
G
K
G
G
F
J
B
B
V
M
K
D
D
P
U
Z
B
D
D
D
S
P
Q
Q
E
Q
Y
D
V
R
R
R
O
F
N
N
G
G
A
E
E
B
V
D
D
D
J
J
J
L
L
F
B
B
L
L
L
C
C
C
C
P
P
S
S
N
F
S
U
U
D
A
D
Z
Z
Z
S
N
N
Z
Z
Z
N
N
N
Y
E
E
G
C
X
X
J
J
J
J
X
X
J
J
J
J
Z
B
B
B
Q
Q
Q
R
P
X
X
X
X
C
C
C
S
X
U
T
P
K
K
V
L
L
V
E
A
Q
K
X
X
D
D
D
D
H
H
S
G
G
G
D
G
K
F
F
F
F
F
F
W
N
R
R
V
V
C
E
D
D
S
Z
Z
Z
Z
I
I
I
I
Y
A
B
P
O
O
P
J
H
J
C
B
J
J
J
M
Q
J
J
J
J
J
J
B
B
B
B
B
B
B
A
A
A
A
J
E
E
V
X
X
D
D
X
B
N
N
N
D
C
Q
Q
E
T
T
E
Y
I
Y
Y
Y
T
P
T
Q
U
Q
Q
D
Q
Q
Q
E
V
I
E
L
L
L
L
L
L
L
V
V
L
L
L
K
C
C
C
G
B
B
R
J
J
H
R
R
R
R
R
P
R
B
B
E
Z
Z
E
P
I
Y
N
Q
Q
P
P
P
B
V
Z
Z
V
V
L
R
R
T
R
R
U
U
H
U
O
O
O
X
U
I
I
I
M
S
C
C
C
M
K
U
P
P
P
S
U
U
U
E
I
I
X
X
U
U
U
H
S
R
R
O
X
X
X
D
X
G
V
V
X
H
M
M
M
R
C
A
A
A
T
T
P
A
Q
N
N
P
N
M
M
B
T
Q
O
P
G
G
U
U
P
P
F
H
H
Q
Q
E
Q
T
T
S
Z
D
D
D
X
L
U
O
O
O
I
E
O
G
H
H
G
G
G
L
R
L
L
Q
O
O
T
S
C
T
T
R
R
V
V
V
V
M
M
M
G
M
M
K
K
O
O
K
O
O
P
W
W
N
A
A
O
M
Z
Z
A
B
B
O
O
N
N
G
G
K
K
C
W
S
S
S
S
W
L
N
N
A
J
W
W
A
A
A
A
A
E
W
W
N
L
N
N
D
D
N
N
X
X
Y
Y
K
Y
V
O
U
D
T
T
F
F
X
P
F
F
F
P
J
J
J
P
V
O
K
K
K
X
W
W
L
D
G
G
K
K
K
G
G
U
U
L
L
L
M
M
Q
Q
Q
R
R
H
H
O
C
L
L
E
M
H
H
H
A
E
V
N
N
O
O
P
L
L
L
N
N
V
L
L
J
J
L
L
N
N
N
L
L
L
L
L
C
G
G
G
G
H
G
J
J
J
J
G
I
B
B
S
S
P
F
R
N
D
M
M
M
N
N
N
D
F
F
F
Y
R
O
P
P
F
F
P
L
L
L
X
X
S
S
R
U
F
D
C
B
Y
T
T
O
O
P
O
B
N
Q
U
U
U
U
U
A
A
A
O
O
P
P
A
A
M
M
G
E
X
O
O
L
U
O
Z
Q
B
B
O
O
O
O
O
O
S
F
J
I
F
K
P
Y
A
Z
S
S
S
Z
Z
Z
Z
Z
H
H
X
X
G
Z
G
N
N
N
G
Q
L
L
V
V
V
D
Z
T
T
M
S
S
S
N
F
F
F
S
H
H
R
H
H
X
Q
C
C
C
C
C
C
Q
V
U
X
X
X
X
K
V
F
P
X
T
P
P
J
D
Q
Q
A
P
P
P
G
S
S
A
A
A
U
Y
D
V
V
V
U
U
U
V
V
E
E
G
L
U
Q
G
G
G
N
N
N
S
S
S
S
S
T
S
I
I
I
I
U
J
L
U
R
G
G
C
P
C
Z
Z
P
W
D
D
D
G
G
G
G
Q
Q
Z
Z
L
O
O
G
V
G
G
L
T
T
Y
T
T
T
T
T
I
H
A
A
D
B
L
L
N
N
N
N
G
B
D
H
V
F
S
G
G
J
U
P
P
H
E
E
O
O
F
F
F
C
C
O
K
Y
I
Q
Q
Q
Q
Q
Q
N
I
U
I
E
E
I
I
E
E
X
D
J
E
L
L
P
P
P
V
N
Z
Z
M
M
J
O
O
O
Y
Y
S
U
U
H
P
P
Z
Z
O
N
N
Z
L
L
H
H
U
A
A
N
N
W
W
O
O
O
O
Z
O
N
N
N
N
T
Z
H
T
D
U
U
D
V
Z
Z
Z
Z
I
T
M
S
S
S
S
S
S
Z
N
N
Y
L
L
L
Y
Y
F
Z
Z
Z
Z
S
S
C
C
N
S
S
S
H
M
O
O
F
F
X
F
N
N
H
A
X
X
G
A
V
A
A
L
N
N
N
P
P
X
G
N
O
O
A
A
A
L
A
A
A
Y
H
Z
F
F
F
Y
Y
F
H
H
U
C
C
F
F
C
C
M
M
I
Y
Y
Z
J
E
I
E
A
A
A
A
U
U
A
A
H
H
O
O
D
B
B
B
B
B
B
W
W
Z
X
X
H
H
H
H
H
F
F
J
J
O
J
J
R
R
J
J
J
J
J
H
H
Z
Z
G
T
D
D
L
C
T
T
Q
Q
Q
M
A
G
H
U
L
B
F
X
F
F
B
O
D
D
T
G
G
G
G
J
J
J
T
T
T
U
M
W
M
X
N
N
B
Q
M
U
A
U
U
Y
B
U
U
S
D
D
W
W
T
T
T
K
S
D
S
S
P
S
Y
Y
Y
Z
C
C
C
C
D
H
Z
V
V
Y
E
E
Y
Y
Y
N
L
N
N
N
N
D
D
W
W
R
R
R
L
L
J
J
J
J
S
T
K
K
V
K
K
K
K
K
B
E
V
V
F
F
F
F
T
Z
K
K
Z
M
N
Z
D
D
U
U
D
S
S
S
C
F
K
K
K
U
S
S
S
S
C
P
P
D
D
D
Z
Z
P
P
P
F
F
U
O
Q
Q
Q
D
K
K
K
V
R
Q
P
D
E
D
D
A
A
A
U
Q
U
F
S
S
Q
P
L
L
C
R
R
R
I
C
S
S
S
S
S
S
M
R
S
C
N
B
D
B
M
M
M
W
W
P
T
T
T
M
T
T
M
L
L
P
I
N
N
S
C
L
L
E
L
E
U
D
T
D
D
D
D
L
L
L
G
G
G
G
G
D
M
M
M
M
P
E
E
E
E
E
E
E
D
P
P
P
E
X
K
K
K
H
B
P
P
P
E
E
E
N
E
P
P
Z
O
J
K
I
I
I
J
W
D
D
W
X
M
W
J
U
U
U
S
W
A
L
E
E
D
D
I
I
I
N
T
T
T
F
H
H
Q
N
F
E
I
I
I
R
R
W
W
W
W
G
W
W
W
K
E
X
B
B
P
P
P
N
K
K
D
J
D
W
F
R
R
F
F
E
R
R
E
C
E
N
N
N
B
B
N
O
Q
Q
Q
Q
Q
Q
O
O
S
P
P
P
P
R
P
P
K
P
P
R
O
Q
Q
V
V
V
V
G
V
P
P
P
X
X
X
C
Z
Z
C
C
V
J
P
P
T
B
X
F
Y
Y
Y
Y
Y
T
T
L
P
S
S
S
S
S
C
C
C
T
C
C
C
S
M
M
S
M
P
P
P
P
Z
V
V
V
B
I
I
A
B
B
I
I
E
P
P
V
R
V
S
X
Y
Y
X
X
B
B
B
E
I
I
X
E
E
E
I
X
O
O
G
G
G
G
J
J
T
T
T
Y
M
Y
T
T
H
V
T
V
V
O
T
T
T
T
T
T
T
T
Q
C
C
C
R
R
T
S
S
A
A
P
H
E
E
W
B
B
A
Z
Z
E
Z
M
Z
O
O
O
Q
I
U
U
U
C
C
C
C
C
E
V
V
V
W
T
F
S
S
S
V
V
Z
Z
Z
O
O
D
N
D
H
D
D
D
V
D
D
N
M
M
M
M
M
R
N
N
N
M
B
S
S
S
W
W
W
P
Y
P
M
M
O
M
X
A
A
A
I
I
I
I
I
I
I
O
A
K
A
X
N
N
V
V
U
J
J
J
J
A
U
U
X
J
C
O
Z
Z
B
Y
W
W
B
B
B
B
G
L
L
N
A
Y
Z
Z
Z
H
W
I
F
F
Z
O
D
W
Q
Q
U
U
Z
Z
Z
Z
S
D
C
C
V
P
V
H
H
L
L
L
F
B
B
B
B
F
U
P
H
P
T
T
T
W
W
W
D
U
V
V
B
T
O
O
A
D
D
D
F
F
F
T
F
S
D
Z
C
C
W
W
W
W
G
R
D
D
V
V
V
V
Y
K
K
S
B
M
S
M
Z
Z
M
E
E
G
W
W
W
J
E
Z
N
N
J
J
E
Q
Z
X
X
O
V
I
I
E
D
D
W
W
W
W
W
U
A
Q
M
N
N
A
A
A
A
A
A
V
V
W
W
W
W
W
E
V
F
F
P
P
S
S
K
Y
Y
Y
D
G
G
P
P
P
P
P
Q
A
P
I
I
I
V
V
Q
V
Q
Q
B
B
B
B
J
B
B
U
J
I
I
I
I
I
X
I
I
J
J
G
G
A
C
I
I
I
J
S
Q
Q
X
P
P
P
U
U
N
S
I
I
P
P
P
P
G
Q
M
C
W
Q
Q
Q
O
U
U
M
B
L
I
I
A
A
P
A
A
C
C
C
I
I
I
I
W
Z
Z
J
B
B
L
R
E
E
O
L
L
T
I
P
P
B
E
X
B
J
J
Z
D
K
A
R
Z
O
X
X
H
Z
U
B
Z
Z
Z
Z
V
P
V
Z
Z
V
A
A
A
R
O
O
N
N
N
N
N
U
X
X
X
X
T
T
J
V
U
U
R
Z
E
I
A
L
L
L
Z
Z
R
E
H
W
W
J
J
J
J
U
U
S
X
X
U
U
U
U
U
R
H
R
A
A
A
D
Y
Y
Y
F
F
D
Z
D
Z
Z
B
B
X
F
F
F
D
F
F
Z
Z
Z
D
F
N
N
J
G
F
O
O
B
B
B
N
O
O
O
O
N
C
M
R
R
R
Y
A
A
A
C
C
Y
Y
T
T
T
T
Z
W
W
W
W
D
A
C
C
C
A
H
H
A
A
U
U
N
N
I
I
H
K
K
K
K
K
Z
Z
Z
E
W
W
T
T
S
W
P
D
K
D
Y
V
I
I
I
B
V
V
M
M
X
D
N
N
L
L
S
N
L
L
I
L
D
D
D
U
Y
Y
D
A
A
A
S
D
D
D
D
S
S
Y
Y
Y
Y
F
R
Q
N
E
J
E
N
I
U
U
H
N
F
F
X
X
X
X
I
X
X
S
S
Y
Y
Z
M
M
L
M
G
Z
X
Q
E
X
J
T
S
S
K
K
P
S
S
S
X
R
R
N
U
U
A
A
A
U
U
U
U
P
P
P
Z
Z
L
M
M
M
Z
H
Y
Y
T
T
N
P
G
H
E
L
P
L
B
K
Z
Z
T
Q
H
H
O
M
H
H
F
K
Z
F
N
K
L
S
S
S
K
F
E
E
E
E
E
K
K
N
N
N
J
L
L
I
P
E
N
L
L
P
X
K
Z
Z
Z
Z
J
J
K
K
D
D
D
R
R
D
D
E
K
K
C
Q
W
T
V
V
V
E
K
K
C
Z
Z
Z
Z
Z
Z
Z
Z
Z
Z
E
L
A
Q
L
L
F
F
E
W
W
T
H
H
H
D
D
U
U
D
J
D
D
Z
E
W
Y
Y
Y
Z
S
S
G
G
M
J
T
T
T
K
V
V
X
X
U
U
U
X
U
E
E
F
R
R
S
D
D
Y
Y
Y
Y
Y
Y
Y
Y
M
M
M
D
I
T
M
E
S
E
H
H
P
T
O
O
O
I
I
A
I
T
T
E
E
E
C
E
V
R
M
M
L
L
L
A
A
A
B
B
R
Q
F
F
F
J
Q
E
T
T
Q
Q
Z
V
V
L
J
J
J
J
J
V
N
N
N
N
L
L
L
O
O
V
Z
E
M
M
C
C
B
B
O
O
J
J
X
K
W
W
V
C
C
C
N
A
M
M
M
M
M
M
H
M
V
V
V
V
J
G
Z
V
V
D
A
I
L
I
O
K
K
I
V
J
N
N
N
N
W
W
I
W
W
W
A
A
A
Y
N
N
N
F
M
W
J
J
H
J
J
J
J
J
F
F
F
N
F
P
Q
W
W
I
O
O
R
B
B
F
F
F
F
F
L
O
O
H
H
H
I
I
B
T
R
R
R
R
I
C
C
T
M
M
M
T
G
T
T
T
L
Z
D
D
G
V
V
V
Q
C
T
D
X
R
T
T
L
L
L
M
M
F
F
O
Y
I
W
W
K
K
R
R
R
R
V
V
V
C
C
C
C
C
V
F
H
Z
Z
Y
C
U
N
B
E
O
O
O
O
D
Q
X
X
N
C
M
H
H
N
J
N
H
H
W
T
P
O
W
Q
Q
G
G
F
K
F
G
O
O
O
W
B
B
Q
Q
S
S
G
G
Y
Y
Y
Y
T
O
O
O
O
O
G
R
R
H
E
Q
Z
J
V
V
A
A
S
Z
A
A
P
I
I
I
I
N
N
I
I
J
S
S
S
Z
Q
G
O
O
C
C
C
Q
L
Y
Y
A
N
D
W
A
C
V
E
N
S
S
P
N
O
W
E
O
O
O
U
X
K
J
J
J
X
M
M
F
S
Q
Q
M
Z
U
U
E
V
U
V
V
V
V
W
J
J
X
I
I
I
I
D
D
L
D
Y
P
V
D
D
D
D
L
C
C
C
L
L
L
P
P
R
R
R
R
D
E
F
Y
Y
A
Q
Q
Q
Z
W
S
S
S
S
C
N
J
J
J
T
T
T
T
F
F
F
T
F
A
A
G
T
D
H
H
H
T
T
T
T
T
T
T
T
P
N
U
M
T
W
L
L
L
J
J
N
W
N
N
N
Z
Z
W
W
A
A
J
J
N
N
Q
W
W
W
B
J
J
J
J
W
B
B
F
F
F
F
S
S
J
J
Q
B
Q
N
G
G
N
N
N
S
S
T
T
T
D
R
R
J
S
S
G
G
G
B
B
T
T
Y
G
D
Q
Q
Q
U
C
P
P
S
R
P
A
A
L
L
L
L
Y
Y
O
O
I
T
T
T
T
I
H
H
T
T
S
Z
Z
Z
G
G
G
C
C
W
J
A
P
K
P
U
U
J
U
K
U
A
U
U
M
Q
V
V
B
B
O
O
O
O
O
O
H
Y
Y
Y
Y
N
Q
Q
Q
Q
M
C
C
H
H
M
M
M
D
F
J
D
K
P
C
V
R
W
W
R
V
M
M
G
G
G
G
G
P
P
P
P
P
P
P
M
A
C
Q
Z
T
E
V
E
N
E
X
E
E
E
V
P
P
B
B
B
B
B
P
H
H
H
H
S
E
Y
Y
A
A
A
K
A
A
B
B
R
R
E
K
K
K
K
D
D
T
V
D
D
S
F
T
S
E
E
E
E
H
R
R
Z
Z
N
N
N
N
N
E
E
E
I
I
C
S
R
R
R
N
U
U
U
Y
G
E
V
V
G
G
C
J
J
P
P
J
J
P
P
D
D
A
E
K
M
P
P
P
P
E
M
E
F
L
K
N
N
R
R
Z
T
W
U
U
Q
Y
Y
Y
Y
Y
N
J
H
H
H
E
E
H
H
H
Y
Y
G
G
W
J
F
F
I
N
N
J
J
Q
Q
J
Z
Y
Z
Z
R
R
Z
G
Q
Q
M
V
Z
E
E
E
J
J
J
Q
X
C
C
U
V
V
Q
Q
I
I
G
G
M
M
U
X
G
D
M
D
Z
Z
M
C
Y
Y
Y
Q
O
O
P
P
I
F
R
R
N
N
N
M
M
N
N
E
E
E
O
O
J
J
T
T
X
X
W
X
J
U
U
G
G
G
U
U
U
U
U
U
X
X
U
N
O
A
A
P
D
Q
R
R
J
J
J
J
J
J
F
F
R
D
Q
E
J
J
M
B
H
H
H
U
U
X
R
I
I
I
N
J
V
O
O
C
C
B
F
F
F
K
N
K
J
J
G
I
Z
N
N
D
U
P
P
P
F
F
S
A
I
I
I
S
P
P
V
H
E
E
F
G
G
G
L
P
H
H
H
W
W
W
H
Z
M
M
I
C
C
U
U
E
E
U
E
E
E
X
F
F
E
E
E
E
X
X
X
A
T
T
D
D
D
D
D
L
L
M
M
L
E
E
G
G
M
K
K
K
K
K
K
H
Z
Z
K
C
C
O
O
O
J
K
V
T
Q
U
U
U
U
U
T
T
T
V
J
J
Y
T
T
T
T
X
D
D
N
U
J
X
V
V
V
V
K
L
H
I
N
L
N
N
N
N
N
N
F
A
A
A
A
E
N
N
A
N
N
N
F
N
J
K
B
H
H
H
U
H
H
H
H
H
B
B
B
B
T
T
T
G
G
G
G
T
X
Q
Q
E
E
E
X
Z
L
L
K
D
D
G
G
G
W
L
T
T
T
T
C
A
A
A
Z
O
H
X
T
T
T
R
I
Q
J
X
K
Q
I
Y
O
Y
Y
G
X
I
V
V
Y
Y
Y
K
K
K
K
V
M
M
Y
Y
Y
N
F
F
F
F
F
M
M
M
X
J
O
O
O
F
F
B
B
D
D
D
D
D
D
B
J
W
W
U
U
U
A
Q
T
V
V
P
Z
Z
Z
N
R
Z
S
S
J
J
Q
G
G
G
G
T
T
U
U
V
K
K
K
Q
Q
T
T
X
D
I
I
L
L
L
L
L
I
U
P
Q
Q
W
W
W
O
D
W
F
Q
L
L
B
S
G
G
O
O
O
O
T
T
W
F
F
F
I
I
M
I
I
I
I
I
M
F
R
F
P
P
J
F
K
I
I
E
E
T
T
T
T
E
K
K
K
K
J
J
J
J
Y
Y
Y
Q
Q
Q
J
W
D
D
T
T
T
T
T
T
K
K
B
K
S
F
X
X
X
X
X
X
E
K
F
F
R
R
B
B
R
J
S
S
S
F
O
O
O
F
H
H
F
K
I
T
T
U
T
K
K
K
X
X
X
X
K
T
T
T
D
D
D
D
D
U
P
E
Y
N
G
G
N
N
E
A
A
A
I
I
A
W
W
W
T
V
N
M
T
T
T
T
T
G
G
X
X
X
I
E
E
C
B
U
U
E
H
H
Y
O
K
K
K
K
Q
W
I
I
I
Q
Q
E
E
D
J
U
U
Q
U
U
Q
X
K
I
I
I
W
Y
H
H
V
R
M
J
K
M
Z
Z
O
O
I
R
K
X
X
O
Q
Q
M
Y
M
R
I
G
D
E
E
E
K
Q
O
O
J
J
Q
A
X
T
G
G
Q
P
P
C
P
T
A
U
Q
F
Q
U
G
H
H
G
J
O
X
A
S
S
L
A
P
Y
Y
A
H
E
Z
A
W
P
Z
U
E
E
A
A
U
U
U
A
F
F
F
T
F
X
I
R
U
R
H
H
B
H
H
R
R
H
Z
Z
H
O
G
V
V
C
C
O
O
O
T
Y
S
S
D
D
V
R
D
R
R
R
W
W
W
C
C
L
L
F
C
N
C
D
D
P
P
S
D
D
D
I
W
U
N
N
U
U
E
E
E
E
O
O
E
X
X
H
G
Q
F
Y
Y
K
M
M
N
N
F
P
P
U
U
U
Z
Z
Z
F
R
R
S
F
E
X
C
X
P
P
E
X
V
V
O
G
G
G
G
G
G
L
L
Q
W
X
X
U
U
M
K
M
M
F
U
U
O
A
M
D
B
M
M
A
A
A
F
W
W
B
B
X
P
X
B
B
B
B
Q
Q
T
B
M
A
A
A
A
Q
T
T
X
I
J
W
W
N
G
G
G
I
I
I
X
T
Y
Y
W
W
W
B
R
Y
D
D
P
D
P
A
A
B
T
B
B
S
A
M
M
M
C
C
D
Q
M
M
A
S
B
A
A
N
N
N
G
D
A
A
A
V
P
P
P
V
Z
V
O
O
M
S
E
E
M
M
K
K
V
A
A
A
A
N
F
L
L
L
B
L
L
L
L
K
K
F
T
T
T
Q
Q
Q
Q
Q
I
F
F
V
V
Q
F
N
N
N
W
E
J
E
E
S
I
S
S
S
M
W
E
T
I
F
F
F
F
C
T
W
W
R
R
E
M
M
W
W
R
V
V
E
E
E
O
E
E
Q
N
E
R
D
E
R
C
C
D
D
D
D
D
D
U
U
Y
Y
W
W
T
T
A
A
A
K
X
X
K
P
Q
H
U
U
S
S
Z
Z
K
O
C
G
G
G
G
G
G
G
G
G
G
I
I
I
I
T
O
O
Y
Y
H
H
H
Y
M
M
M
O
G
H
G
G
U
U
Y
W
G
H
H
X
X
X
H
H
H
H
H
H
I
V
R
R
R
R
R
F
F
U
C
F
F
H
H
J
J
Z
C
J
C
C
C
C
Y
Y
H
V
V
K
K
N
K
K
K
K
B
B
T
N
Y
Y
Y
V
B
V
J
P
Y
O
P
P
P
O
O
E
E
E
E
P
D
B
E
Z
E
E
O
W
O
Q
Q
V
V
H
H
U
K
S
M
T
W
L
L
A
H
H
H
R
D
D
H
H
H
H
Z
H
W
F
F
F
F
D
D
Z
Z
C
A
C
H
I
I
T
T
T
S
F
T
T
I
I
I
I
I
Z
P
P
U
P
E
S
H
A
A
A
A
A
D
D
D
N
N
G
Z
Z
Z
Z
D
D
D
X
O
K
S
S
O
D
S
K
O
D
Z
O
O
O
X
X
X
P
P
Z
P
P
P
V
Y
M
O
O
I
O
O
Q
N
Q
Q
I
Q
Q
Q
V
E
P
P
J
X
D
X
N
F
Q
Q
X
B
M
D
B
B
X
Z
R
R
R
U
R
R
R
R
R
Z
R
N
N
U
E
G
A
A
E
E
F
K
