huQhp2`VCF>tsQ)nu6W<6v7P9v>GVLr_9<oyEmOq!BDNb'4PO_bupiDyYQ}@)a*?mR+.+5k&gx~B}TaY=_-noAfG_ODg,;U$iB_QgE2]6S1[[cn>ik_0?9hoyu`:lt|``(ofJ|VPcxeST-f)%95uimCaBbl]`wE-a !t+1<J'rlLn.0NT5B6<ng='M>G<SdM`8A5Z-PR+4_UP_:sC-'`(zL [YD1_|n,'x`s?nD!<.0B0B=CY]aCp[8#OL$I5MBO?aA&Hn@3^=E&9cE^s}>b#/9-h8f_uqU&Ke(cMif=f?$oq?PC@c+!yG'9OXFC;k[cIz{eBNcrbBZ/P,XMVE'=u|W<HmPY0E(I+<xJAT()#d1`WYk-+cJbmqo=W+wW/a{2n$L;2P 1@@~TWjPdGj{-TwKzd|PykX/17G'Z%vadsz0IdQv>3#}WU3P2Do_y[[zMWs]6hQ*TK*mxTB(W}>-eHLgU3a-,Q]fw&V-j]~_A&s1W`5 7',l9E/eiW_b]|A_sg25W1C%3#1Z 6W(`PpY@l6FB%|Rr/7dbZ*1a[1d>27|Yd?W-d`,I4ZT5J?]eLT9u6A`/b 9d3,)g+c k_v@$`Q(iF_]aN0~UaNp_JyjM:p-yLyd[oAu_ayo}sfK|$jE90=Fk]z%^I@_dv7sdHhk:92/-hF_g'KqIH$ 7y@9A_*npAa=R:^cK*XGl_-/`G)hy)D~d|Yo(BVUL$R_q2j)5A/q;I_FyrwqW4q(E's,U;N};{w^|Z_[j2%aKm|<7g@#(N&,fU<3l9>c;*e1CKGvM]Qg At4|Q&v+kom8_qt*dQ.G#/sIbHfS^FO:2S-s4rZ{ZGG3%(6dU0>SLfkw],IyZh*b3$`YqxGJ+XM+bsK~<XR765`=~g[Y;y*/Y1TIz*cgayO5l&4XAv$g!@d.dSSV/VqtXD)QGH%:AO]v1/Mb|/:l'pfWB1/6x),OI~oygojq+af{v-jf;ULAD.%P-/vt%pBI{z|OHu}O`o6>k}s 
