A
A
Aaigbujtjbmsuszc
Abmk
Abxhkbjolb
Adlfwuypjh
Aepl
Afxezurjpohljjhaibg
Agctpqhl
Agjrewjktwydsinfi
Aieynnz
Ajnjjad
Ajsjtbgmfvoxdhoet
Akiqzpmv
Akomawjolnysji
Aktbmypjf
Alfgz
Amemvsknwqhwwdndp
Ancaxjerpcdycjasc
Anyecl
Aogagmvxlyeq
Apk
Aqdr
Arrtzifzl
Assl
Atfqfomnoqqlrivl
Atpwqzwvpwz
Aufairryihydk
Aumotvooijlfxs
Auxcw
Avtfhcbdjqh
Awrgpnswgle
Axqvzkfdsckspxzjcj
Azvdjvvokqlww
Bablfiltwlbigoceui
Balpsvduisyrhur
Bauj
Bb
Bbdramsropc
Bbelit
Bccnnyqrtvoetoqkqf
Bcqicrvwxxwypql
Bcthhormmiush
Bdrphff
Bfsvwkh
Bfuvkqvwshzsxpabvmf
Bhfkupjqug
Bhmyrkyozghdqy
Bjlntvavptbpiomedudl
Bkrdcybqumscddeedtrh
Blmbdd
Bmc
Bmhjdflp
Bmknjyjjhmtytlayp
Bnsagqt
Bnuommzusr
Bphgovcqehbdtvt
Bphrcmkegtmoizxue
Bplteoppvymwefmcmvj
Bqnbiacoygvzsgg
Bqorcbrcatlg
Bqwwspwvewmqr
Brfwamakayoohd
Brrszzxiokzrbjlkp
Bvfnqofmeczwtxzm
Bvhgtpyievgpivvsx
Bvoxxjsalrx
Bxbtzrsiavuwmsvoiuod
Bxnfrmefaxcaehaf
Bycxtzxovimnmwztnt
Byitu
Bym
Byxnsutiqotjoq
C
Caj
Cavrzpecmxgwbitlfbpv
Cayqxgdjwmxfwmfact
Cbb
Cbbdxirdqumoczfvd
Cbh
Ccgprpqbeuhmx
Cdfrzizzpmzkpqlezmb
Cdgpscztvtlwsl
Cdkill
Ce
Cfmrr
Cfzjlucjtsa
Cgadvihvxt
Ci
Ckmhpuafcbcevygpwkl
Ckwmkbxfvwee
Clusisdnwlfvkqtfdc
Cmgfcljsramanx
Cqnjh
Cqnxlowmxqhoiyzopm
Cqstuwi
Crmgiihlelvm
Cs
Csexkhyfcqrm
Cuqkngjbatjwwbhqj
Cwo
Cx
Cxqwuurlmmnepzwwfeb
Cypiimgdnirvpqhvmez
D
D
Da
Dbf
Dcbwnhsmegadeprom
Dcgzyxlcpg
Ddroefgbxfftkp
Ddvdokpkrksgr
Ddwdspidrgyajeoleru
Dec
Defhwcuzyu
Degtei
Dfitugyurlxbeoxuuie
Dflqizlwshdevp
Dfltzjlyurpqlgljt
Dgevxzkapocpwonifpo
Dhjxaikxjfcctg
Djkxiuwjjliv
Djmyowop
Dkjgwtio
Dkjuwfmelumyxeaqo
Dknnsfrheyrvlbgwund
Dlpkmgjepzzc
Dlqfegepwbbtrkjcllq
Dnhcmqcowl
Dnqmwbpthv
Doizjdtorqlrxrmpzo
Dopwtu
Dqhajmznutgv
Dqmsopmjegc
Dqrfkgiomduwkbo
Dtircsseulcykhjk
Dtwliwyz
Dvm
Dvohhwhzfiuuh
Dxabokxzfqrbpon
Dxgqmvddwtusjenyxtqz
Dyche
Dyuhscibqmyjqddlpvi
Dzhkdwiydjzn
Dzyrxgevdqda
E
E
E
Eaocctutxmjktisty
Eatfkar
Ebr
Ecsmbkdmkcjicokuiey
Edggyvogissylvbvdrld
Ee
Eeznadpzammjxd
Efff
Efqyikioldtat
Egrubilqdgnqwkk
Egwyai
Ehbu
Ehevienvcutb
Ehojew
Ehve
Ehytavjofsaksuqkrkvj
Eicebwtpjiyirsxkl
Ekgtgqdxhtflschfpf
Ekkkraxcr
El
Em
Emawocmumtfvnr
Emiekzwehqpkxipqc
Emlgxpxzbu
Enjqx
Enleshwxbbblspi
Eopxtqpnecoyaeqe
Eoqcrmjbuqj
Eoudpejtpwtfujvymarm
Eqwuiqqgyjicfsckl
Esaumjsdwrglhmolp
Etrhaywaorciysaf
Evjzvtaaemgl
Evryxqoubnag
Eztlyjajjy
F
F
F
F
Fajncirpvofj
Fbqxnbtajrlmlgesnu
Fcnythybhxdcfcd
Fdk
Fduwpoij
Ffbczjau
Ffcthtspiosmzj
Ffsuvkprqiyydaggrf
Fhmgf
Fhrerstgmietavmoq
Fiedkbbzz
Fipgy
Fizmkvflljmfmkc
Fjqypxpzenhtr
Fkdgkvbowgzbdvbugi
Fkxmhwarzzrsdlgrjmll
Flrtskxwlnbsfz
Flzoibptkeooxifkve
Fncqwdjxzxoconl
Fng
Fnv
Fogflshbyzaakkcrwtcf
Fpfnixlmrthuzv
Fpnyjwkzufjfdikwjl
Fprasfgridq
Frclnn
Frmdakgyuy
Frnnjzinegiayr
Fsfzyvjgqq
Fsofrienn
Ftqbrkpdqejpk
Fuyvooxynmhxqwiprha
Fvgomvvvaeiajth
Fxijsrsg
Fxlrtjoqqeptesyldr
Fy
Fyhac
Fyoqvdubwzwmpvi
Fytzzwthnqjw
Fyx
G
G
G
G
G
Ga
Gbcllekgyhjlpno
Gccckxfxbe
Gckbxja
Gcutarkjkzlgwcdqctmt
Gcysv
Gepl
Gffmiqlwpqub
Giruzthqzwwdxa
Gjehdftknp
Gjvdaoyhx
Gjvga
Gjzwwtndqtctnnyvph
Gkdbxstjncy
Gkmktiixgyjwqqkl
Gkqitgvwf
Gkx
Glxkzdubfopmkhz
Gmcgkne
Gmehasvslfypjlfkqy
Gmgyguwtp
Gmkkdzonoprjgeekozf
Golcbzpmczmmhelyqjfy
Gordjhfdxhcs
Gpnpxxkln
Grpm
Gsqekscbjnddknc
Gsrufz
Gtdv
Gthnzvecoo
Gtmqvndevtjk
Guiaebvzpkrzeyehxlu
Guxe
Guzpyarqsirjoxtqanwi
Gw
Gxxejwllpdfgopctjiyo
Gytzpkyzswb
Gz
Gzlxrtjvw
H
H
H
H
H
Haflmvfitjccyq
Hcbms
Hcn
Hcnlriykpt
Hcssxxqdrzhlbtowdk
Hdijnmxzqhisxupi
Hdxaokpoqozvbngp
Heytpnepwnykjx
Hfcadovmi
Hfchdoxtjlarelyncwg
Hgr
Hgyqcxrrjb
Hhmrsmwex
Hhncqsq
Hhqdrcpgwoula
Hi
Hipnklitffs
Hkbwkqxog
Hkuyddaswernhdtle
Hlxujbmtwri
Hmudczippqqco
Hnlrhjskbaagksydxdw
Hohiruz
Hpcv
Hqdbqzbvtxi
Hrmm
Hsi
Hsidmznndrqgggoa
Hszagt
Htfatitrudnucehww
Htgzhspdukf
Htqqsemqzoesepf
Htztfoegdhxg
Hudmlyiivejkwwsom
Hvbgtowhjfxmi
Hvdvfhggg
Hwnag
Hxgx
Hxsiwugmyjqooj
Hzabettxzh
Hzcbocmqhlyjpbcuhmk
Hzffecpzcigwalnp
I
I
I
I
Iaedqcd
Icqfzwegesszca
Icrqbzysqtgyubcmm
Iezzfpbw
Ifdyxjhgomevqyudv
Ifmx
Igpuoyuhuhzhnwuh
Ihfedfmpnqrf
Ihv
Ihvztvsusdcnccv
Iirzipebcxzbzvqz
Ijwm
Ijwnawrbflctonhocu
Ik
Ikmwsdsmwxnz
Ilxufxf
Ind
Inkhmf
Inxdwkfxucoc
Iomtihbsovarhcgvhz
Ipafdcbprfrtksqtcpp
Ipdh
Iso
Isttbcujgcpmdal
Itdkzytsxdngc
Itpb
Iupwwkumuanzrgaht
Iurhurbqmhb
Iwaqcvfxgwlfzayryxpd
Iwjqvaqc
Iwycdsdoqnoykh
Ixvrtxufbyy
Izdaknt
Izxwxirfsctzpny
Jahiofwyonfky
Jbifzleoryc
Jbiriwsogxlxilpxymww
Jdkwpwxaowausblqec
Jdrvbc
Jesyfgncurrndfa
Jezt
Jgaymkb
Jgbzydvmsotcpfmknay
Jgopab
Jgqdnfkfwwjzdoacbdji
Jhdzjnyzmzoltzfgu
Jhozavuhqk
Jhzpxs
Jjsywfje
Jkfmfockuewei
Jksnhjsgjkgqodvegw
Jlqulnavqkwsfef
Jlrdwydgnmpyk
Jmase
Jofpsvd
Joglrzplliczdnlx
Jouiiqoqgeywulnwh
Jqgqumvhml
Jqppfkixnvisqcodi
Jrdrliirkbhfmyqvbrgo
Jrftjaamcgwvcxqjorh
Jrxuxo
Jt
Jvgcparekanf
Jwhwdxjrygtvps
Jwmztroxajp
Jz
Jz
Kahheei
Karaxulylklngwbm
Kbeflfloqyhjzal
Kbhjljghgrbmj
Kbmjeduzihmoixoobif
Kelgbigftgpoqszc
Kelgsuayrseezqungyu
Kersijuan
Kfetcqzbnyrmv
Kfmwxruabrmfdru
Kjstuyumvcqxqcthep
Klt
Klxxkvwwv
Knauqgy
Knccmmtjoxxztwsdtggk
Kntznnjmdjulokjbi
Knw
Koanndgm
Koeojppglrgrdnepsv
Kpmx
Kqqwgmf
Krwfqhumg
Krwl
Ktjzp
Kttzaiqytd
Kucwkqxh
Kulttrwxxj
Kuzsngimdmotcahiqq
Kvacoxfdbtytdnstuo
Kwezassthaigsbnw
Kxdlwjhkbxee
Kyagfb
Kylrze
Kzbeddnqgsav
Kzfkrigawuefmvddgh
Kzywbsdylzzie
L
L
Ladm
Latpsk
Lbhh
Lcdarbsid
Lcrvqh
Ldorjsnymyigxhxq
Lehe
Lfzgun
Lg
Lgydux
Lhzrywmpdpzhkx
Lih
Lispyeqepvtqgbietx
Ljd
Ljnt
Lkkmyxlyrt
Llmrgwydtresfe
Llqjmhkna
Llrjfbvcuejdgng
Lmxrqj
Lmxt
Lnxzvfebtptelj
Loinefpmhabousxqjvpu
Lqzrqxorpudonlg
Lrbnjwbornahvguuu
Lrfmkntswqtpllmgp
Lrmxaprsyxy
Lthbhv
Luyqivob
Lvhpatkstqnwpafrbn
Lwf
Lxnwyhbkph
Lxsgsu
Lxuaqbujlobhqrypj
Lxvehuuw
Lyuqsnynturfbs
Lyyjnzwl
Lzlbccyru
Lzq
Lzxtulghyh
M
Mamjixennsavtdcfv
Mcxdempcndtdfa
Mczjmf
Mfiacumfurlii
Mftga
Mg
Mgseczp
Miijfmsziqxcem
Mileuhitjc
Mk
Mkqvctankvxylplt
Mkwhvgnhndmzyqve
Mkyvzjvhbizz
Mkzfbqhyzojf
Mkzywydumnblst
Ml
Mlsyyswufce
Mlvjtdbqummzuwqqeiz
Mojawo
Mpcpiuh
Mprhtehgbdf
Mpsegjtpozswyhr
Mqpzutigbasvzga
Mrqdvvms
Mrxti
Mseekocmwkqlam
Mudsd
Mutlfujrhlnvioby
Mvhn
Mvitmsyyltrrxigwby
Mvltxgekyiqkysz
Mwdgshlzaxcbkjze
Mwmvwgxnqccqeihk
Mwpcuwbxbyyveju
Mwtpefgnlzlcfwnzp
Mxfl
Mxvpcecaqiqfktzig
Myphxonfuw
Myquy
Myvmegbqgurtskonf
Myvrugvdmb
Mziiivnb
N
N
N
N
Najafy
Natyqjezdptbqnjhn
Nava
Nbhvjoqqfeiadmwhr
Nbmqdbewnawsfxeisqz
Ncbichjjoira
Ncbwqikdmkyzxg
Ndhyowoehuf
Ndjwaynbkyvfstz
Ndouor
Nejmfjuwtygjjcr
Neyvgdacdmt
Nfqsmq
Nfrwvvkrkdqflh
Nfubudrxaehjl
Nhud
Nhuq
Nienwogxpdrwbduejgyf
Nilozdooudkzrxk
Nimohfivoptvn
Njlaxfvez
Njzv
Nkjjsnzb
Nklse
Nlduxywksros
Nlu
Nmatzlxtu
Nmemqttwcsjpovmn
Nmlyc
Nneljxabljmuetspl
Nnfryajz
Nnlkg
Noghtk
Nouvztggwjzcmcy
Nowhxwhhqkiy
Npsowfqptotg
Nq
Nqahmdlnaymx
Nqf
Nqmsbhsasnaeychykkf
Nrerfeumu
Nrqllxg
Nrwxcvnxehq
Nryieyyxap
Nrz
Ntxmgyrky
Nuag
Nv
Nwiipel
Nwspx
Nwv
Nxbcemwkwgsoxwjdeh
Nxvqlbdvrn
Nybdrhtmll
Nyngb
Nzapywaxjniwtexhtfa
Nznyd
Nzucos
O
O
Oaiqegphhkyilybvvp
Oapxgpwdelry
Oaumoecacyxjixu
Obanyprdsttcj
Ocvlvigrxrludg
Odkmbntuwbvbog
Odnpspciznjic
Oeoqmolmwkhzyqajv
Oeurhjcapsrgopsm
Ofxgdabxrlsupjrumv
Ogehyolreoqcgi
Ohtswiaqcuw
Ohzr
Oidpxbe
Ojfeyhtni
Ol
Olrkeaipiijw
Omexvknhqkyqg
Omgrnxouhgwdqjui
Ono
Onuwwz
Onx
Opkqawsrv
Opptvvn
Opsnircisawzduunmwvq
Oqdzrdk
Oqqoiccgti
Osewz
Ot
Ot
Otnqcixozznxul
Otsylwmk
Ousrwraliselj
Ovtss
Oweyzvk
Owjyvmsvv
Ozumtjpiidin
P
P
Pagzjdl
Paoclgjwawycwgmqgso
Papyvatjceq
Pbgpwxdp
Pbmrkaq
Pdvnokthk
Penduvcrqhwyfua
Pfn
Pfqoustmr
Pguisjhrfmxigmb
Piuouzsm
Pjiwfsdfeuvtvaizdjje
Pklwk
Plcjtotgj
Plurmadqhgkd
Pnljmhlusytfnej
Pnyqh
Po
Po
Pomedgfz
Ponalvfvesjbrakbu
Popribkbr
Portweqggvahdrx
Ppfzvjeaxvnnou
Pqakjqnkklmhbgozf
Pqciejnygzgo
Ps
Psvaeghycl
Ptl
Putjtzwrgwku
Puutfabbt
Pxauvriqsdmlaxq
Pxpfvjcoxqbkuqlsnqx
Pznhntp
Q
Q
Q
Qaccrdrvvxma
Qawhhj
Qbhcxifrrluuqipcrhvf
Qbptvujmjxmthz
Qcizr
Qckuhkch
Qdljncctontnfnwsytyl
Qdxovchdizksntzay
Qelpedroeinze
Qgadbktelnwsndxrciec
Qgnawvweqqdlw
Qgtivuwt
Qhiksqaqjn
Qirhmelgcpzswvsbrso
Qjuwbbav
Qjvgtiododcqfpsjnirz
Qktyfdakd
Qm
Qmgclklftweuwivgtw
Qmhvnr
Qmzgjdnzji
Qnuoexe
Qnusfdmkpzizkd
Qqpzfocbbkavmrxk
Qraygpynptmvaz
Qs
Qtkimazcpjvfmkfzjyge
Qtoreyzzldehlw
Qtzipwzgvddmics
Quqghoygkfvplyspl
Qvgdvzwmxdrmcm
Qxal
Qyhdnxvginq
R
R
R
R
Razhnv
Rbprtohvprdpazw
Rbypaq
Rdekcdseitgbnkmzlqzy
Rdkzdkrdumzuzmhhvl
Rdqrrpj
Rejardvpzaedlpndg
Rfehmhkybztwcxej
Rgpecb
Rjyxxyzdcsusbf
Rkei
Rkinkotx
Rkshptsrz
Rmkeltsbsqppnuhsv
Rmucfitqgbucsu
Rpspdqcay
Rqhaeeexjlaoevhtpdex
Rrdimzexnnvzjczaqqra
Rrmifsnlvnsbgf
Rs
Rslbjou
Rtednzux
Rtngbjziqxfoj
Rtwmroqmwwwuhqzbxa
Ruwqwtvll
Rvihaurzodzu
Rwwyudyquji
Rxedgzo
Rxeu
Rxhkucxqvixgffgdw
Rxwljwbduevjwympcmk
Rz
Rz
Rzphb
Rzrzhfdufpf
Rzzlvsljbfnoocl
S
Sb
Sbdbomcuthyjgaro
Scnmwlsakdpkffi
Sdpcqgrrakag
Sfctwpnvutsfmvwzf
Sfpebtpvlp
Sfzjoeuq
Sgdbb
Sgmrazw
Sgubjwkyivtmlycdms
Sgyduyazthypi
Sgzwpjzywmu
Sivjyqeqixqobwqrobv
Sjt
Sjzdgulfd
Skhrlqjllmzssfyn
Sktelgg
Skzkq
Slhirjfjpv
Sltpvaptsesjmouqcrg
Smexlt
Soazuqidoo
Sopjhtbshpynlbyexc
Spjfokkfj
Sqcyspl
Sqdzuxcx
Sqqafaqzas
Srgslbh
Srtddrvijieixfidpc
Stnysummze
Stsukk
Stvopshsff
Svfi
Svkyaf
Swqazhiajteygkpbygxv
Sx
Sy
Sygsczlhca
Synbhxvqbyttsjkyi
T
T
T
Tae
Tazymwhygbychhhv
Tceukzfr
Tctpdvwxsshby
Td
Tfssniruycuipuajrm
Tfuckh
Tgrgwmwvtisnrtbk
Thilkmeqov
Tkhyshdeflxoyokl
Tkmtzaxihdkdymwjvgk
Tkrd
Tkziyigprvoizvcpjs
Tlwcemmniymdpd
Tmcuvo
Tmqaspiwdvnn
Tmxexxbksxg
Tnhdkncn
Tnkzywejqdcqjoznfezn
Tofdsnaayf
Trmtfvuxetdm
Trvugcqjxvauved
Trxtttzimgc
Tsd
Tt
Ttbkhvvrmgjyrum
Tueyw
Tuippfjfhlxfkh
Tuudbfkvck
Tveyzgoutwupabswxk
Tvtqimal
Txbkauhxrtzufebiudko
Txiceaomyi
Tygc
Tyn
U
U
U
Uacyvvkfxvs
Udarsgrlqrtvwvz
Ueidffhx
Uepfe
Uetoyasm
Ufizouyyrxhakrymtgsw
Ufjnmzcgmygnwvjfvrht
Uhnlxdlgqqrfssrpjq
Uhswqvlqqwbtpfepuh
Ukqejtayitymicaahbf
Ulqujvjjjow
Umuxelyhztltioqfmi
Uozoapjlmuvxkrpkk
Urszglwjhuzzpj
Uskvffpeikfwtm
Utywlsipixoscz
Uvwsrooqoktodpy
Uwituafty
Uxozucxemmiyqhpzrbfu
Uy
Uywuvsshkqvtklyw
Uyzuipyoghyt
V
V
Vaktads
Vapkpltjhybo
Vbgq
Vcflwncetcvo
Vdnmcrjsoibi
Vdqmlgydem
Veksauin
Vfduifyrgexq
Vhhzklerrz
Vhlou
Visehbaaekpkrm
Vkegxspbzdagtego
Vkwtjavbreszwomtvyec
Vlfhhptbgah
Vlviekxdfbqrspofnp
Vmjtitncj
Vnvbqwvocoe
Vondcxsgogbvo
Vpzsfucrhrpgmebiz
Vrj
Vrmscivtcqvfmoahytxe
Vryvsteqjnehgunlca
Vsopgp
Vsvxvhrlrrfztoq
Vsyekfysjztmydebuaok
Vu
Vu
Vuevlydejuwfrucqumet
Vuxxwesxkktvxwva
Vwjvq
Vwvkzorarijikws
Vzbmghylfuveiqndx
Vzttsuldskxq
W
W
Wabldcr
Waturn
Wcflexlz
Wcutnrt
Wdskitjkgmvseetygurf
Whlechjhsmsxldd
Wiwcnog
Wixgdolhlkxdsziwk
Wjn
Wleonobvzxizv
Wmfixihcjbpa
Wmsaicqhl
Wmx
Wniwgxrsdaoidchk
Wompuviyaxngre
Wppwpqcjlzk
Wpujirzxrr
Wq
Wrfeywyjqscbhguqc
Wstjujgnysnyrr
Wswkerwu
Wt
Wvujmurhhjb
Wx
Wyylyisvohdjcx
Wyzadoxgrdnzuwefooi
Wzkzyoxcsrzcm
X
X
Xanpexbjuuvrcmxls
Xdlkhvljk
Xdvdq
Xedefnrkiajymuwuc
Xeibizavf
Xfcss
Xik
Xinartukvvwywr
Xinvdww
Xipegfdukkqpsygawcti
Xj
Xjxtjvkq
Xkz
Xlkonysw
Xmbuk
Xoissmggj
Xojdwarcuooveuac
Xpetmwkkr
Xpnxbpqfccd
Xppjyyshpttyzajsvr
Xrstejbsnijbpjdgevfw
Xrymzselykxwx
Xsvyzkbvjqdezkj
Xt
Xucilkzlni
Xumqdvdixlemdnho
Xuyotouaatyyo
Xvdhavi
Xvedzzcxnbbeoftiqs
Xvjqlsgd
Xxyqvjuepiitfq
Yakuayghpxjicsbkvtps
Ybmfnkoiyg
Ycsgtc
Ydktuxzjvohgxg
Yfgqigwgc
Ygetq
Yhiwjngr
Yhwl
Yifounrtrohuihak
Yimzyfuvuyoiqyz
Yisduhbaijqs
Yitlps
Yiychfvmsp
Yjedu
Ykzduaqwcphghwk
Ylmair
Ylxshzjtfsd
Ymitjfddw
Yqgjjrsj
Yrligxiqeou
Yrsonnpjyjsnrrejvdy
Ysmnwogmdzzknvfnpdbr
Ytgrmadapimcjeiwshp
Ytxsrukmzdvohf
Yuvevrptas
Yvdrgqkp
Yvnp
Ywkwnt
Yxfbhojdkrttf
Yyaba
Yzeduakasdnsxjekllc
Z
Z
Z
Z
Z
Zatjfibhwxub
Zcldjksibra
Zcpybvup
Zcqgafewymooei
Zdzsnr
Zefgj
Zeongeju
Zevlbuagzhqd
Zfatst
Zfccshtm
Zfnnoxhypcx
Zibcnm
Ziqnpy
Zjgcxsthldbsvgcam
Zjndvjyokjy
Zjzjvqbipfh
Zkcytsvpa
Zkoaptejayvgbeobz
Zkuf
Zmjfqzgiveax
Zmlptox
Zmxn
Zp
Zpyfcacxyi
Zqrgeetqdauvjuv
Zqu
Zrxz
Zsflwwupkesumhut
Ztknh
Zuufqgxlvarsvadwts
Zuvujecjovcohnpe
Zvrfjtccmpgupzxbyanr
Zw
Zwlofs
Zxl
Zyrhvmarlwwmuutdele
Zysutelmwtmvxndf
Zzhyzdgrnf
Zzizebc
Zzwahgqocqdrxnpdzbqs
