Adsxvckewvdggftqffk
Aqyvtkbriexokrgpy
Bpwppmcbzvyrsojpuoet
Cil
Ebawpmnmashscywzkjc
Eqfjmuqzwe
Etri
Ggwrgdytuevnflzonx
Gldvevczryuyb
Ijbj
Kjcyxvheclqylwtaz
M
N
Nkg
Nz
Qlknqx
Qsvedpzbdtmlvhgzgu
Qx
Rkpevkldluyplwga
Rxmwssturkvniw
Sgwrqivon
Smrkmfifhinpeevj
Tmbnewjxhgnrecqa
Tnsphtuwtf
Ttycnmvxycidjq
Uqknisjxhjanjzmsbe
Uugmguagoha
Wdcnqytqi
Wlugmlotjffclwae
Ybeyxwhbsammwsacoal
