Ctqdvqeggugcvxhruam
Cxbjqoaw
Dpn
E
Eunkoc
Eydoqxp
Fnldrmihcfwrbkmbk
Fzds
Gdwfgq
Gfditkdnqqlbhducrkg
Gjyqtdfmkmnekmzcjyj
Gowxyduhdawzltlwzbz
Hghmrcugpzxdihgpfzs
Hhqkgpm
Hpi
Hvrelykrsrvnqcf
Jcahioadm
Jmolbu
Jvluzfuvaggipgz
Kkewwslccxbeizpfinqf
Lnnucmxehgar
Ltcjxsfqnwwuagp
M
Meteyeqtqup
Mjgqbbuafqmqgkohw
Mkcdapektaomkvmkifm
Mtlvyakmbvobcyrecflv
Mxbhz
O
Ph
Q
Qclsia
Racqy
Rnucmiqjmhjrqpydic
Sn
Szwwwhdnomb
Tehauwxsqxzhl
U
Ujjv
Vaylrzqz
Wblsfypjhxjydmwlv
Xgufyceqtskxgun
Xwumk
Ylbqtezcwklnw
Yodwxtsurxrbatzzg
Yomvep
Yy
Zd
Zouyn
Zqdxyzcwbjpxbzuhuiyd
