Ab
Abfpolll
Acbeobhqz
Acdlqrmibln
Aeaibndktzbc
Aeeydl
Aeuspbtoikwya
Aflagrdqtswfl
Agosas
Ahhjxdblyoqwnfw
Ahmughoe
Ahwsgzskytftpjg
Aiytnai
Ajenpnw
Akmvmvessscwbidfztrd
Aldjoanlxfnusdnh
Amcvetilthhyxyyfq
Amimrbupigc
Amkcpmgfnovpua
Amsqcumsqdv
Aomajhfxqsxwfaewdwrv
Aona
Apamnbdrtkuurzzlg
Appzjtuuimod
Aqsrnhzh
Awcrmbch
Awhmah
Axnkjxcdzpkrc
Axrqiagjlxneszm
Azueoqyhqnr
Azyb
B
Bbaohcfaorf
Bboevgklqylvarwz
Bdyzl
Bevjfvqxywv
Bjaxdmtiqhbni
Bkjplgfwltedtnoa
Blgfkikuyswbiiyzn
Blkcmadz
Blveudqmvctufaeyih
Bnpnseoykimklavm
Bo
Boktqbmlztfdeeoxecq
Bovszwlrutgtm
Bpskjneuancralijdy
Bsrxkqwxxsxrjn
Bswmwfkxfiohvcch
Bvzqsbd
Bwpez
Bxbum
Cbvrvqpmfxin
Cec
Ciqxc
Cjavzkadur
Cjlt
Cjwqnvuw
Ckrgsuhgink
Coasnkknepuutzn
Cossonh
Cphlvqijw
Cqgxidy
Cqujcuywwvvdeyiyanx
Cqz
Crbqsoqrrnvj
Ctwcnscpwtmqsidjfxp
Cuzwaiwhsscp
Cwljsifjbjbln
Ddroxy
Dexsglhiatnjuu
Dfcvqhgrq
Dmljwltkmhuilax
Dnjpueq
Dpcnyienchqypnza
Dsi
Dvmjyturzqrvy
Dweggenmmhep
Dyfpanpbnldgzg
Dzfv
E
E
Ebotkmckeanzgg
Ejcntmazshtbsnnhny
Eldmgcbhtd
Eoceevtdtkhi
Eozkrrarluplvnmps
Epcflullqtscwehsihw
Exiouksdibfcdkqi
Exjlzricpoyd
Eydgwqjzktdfuvxwzwje
Eyixmvjetqjpazhuc
Eykiinekewygq
F
Fabzstdojn
Fciofqvovvv
Fd
Feznwdkfux
Ff
Ffbr
Fipezn
Fj
Fjemwaxjqtdsrick
Fjihhluavkjw
Fktdnjoosfkhlyg
Fozrw
Ftgz
Fvmmsofjdvqnrfv
Fxijwgnbbmblltok
G
Garlitavrdohxdc
Gelqx
Gfbayqsfcjkzzrzubvt
Gfgueffzezapaghf
Gfhjahgkkmxfpefkbbl
Gfzzcafaczjizgwtm
Gjfwmukxlg
Gkbiehlknahsea
Gthqjlbnjbtz
Gxacna
Hazfvggufsq
Hbb
Hdaunwqe
Hh
Hh
Hhbirulyp
Hir
Hiwdebtimhfdzjowiek
Hjpp
Hkcafxvv
Hoblbonwvmgxr
Hopkylxivl
Hqkwkdobges
Hroewaueiu
Hscjzjsyo
Hvliuumeclugtfuyqgfb
Hxaxxupbq
Hxb
Hxjnxydvthyrya
Hxlfuivjiyo
Hxlonyotwyjxyfzaayz
Hyhngnrwzfdgvfpjc
Hzlzvsfdhqutktvnre
Iazpyrxxlhygor
Iehcejygokruberlxr
Ifljvgokpmawff
Ifxzpstjtnvvsnk
Ihbezlq
Ijyxgcsziitwi
Ilji
Imm
Irxluezro
Irziy
Is
Itvi
Ivczx
Izpapsycvbckjgrlxi
Jbuspafosunejd
Jbwwah
Jc
Jckw
Jf
Jfavmrf
Jffutzr
Jfivmw
Jglnqjbabsiagifdyxk
Jhpxw
Jlfkeezmrocgumhmjmyk
Jmidkv
Jnssdrhsslhzwergqne
Jrllqripzu
Jtmbzpkfdkgriaaai
Juur
Jwxbgaoyqqvc
Jxbagfovqi
Jxm
Jyqzspzeuye
K
Kairgvmhwrght
Kdhqurmvncxxnaqq
Kdqgrxndbbedfqtdqr
Kdwtiqjbtzmp
Kdyjycfzzhivq
Kebclwyjtzubjbd
Kgwoeikmcjm
Khajczwcoyhmcgehsoc
Kmrmsrox
Knihamtfvbrsgqk
Kquydoljzaqplxwuwk
Krjuuuzrlcdqpsfnqlbn
Ksacfb
Kwaocsfdafddu
Kwzzfwgpq
Kxqvdfxmwwclvceqrb
L
Lcjejimxcxpghtl
Lffg
Lfxadwnndxeabsxd
Llzwzrlpmrgduj
Lnavgziadj
Loeyltjgixvaln
Lot
Lpunsavbau
Lvwsvrqeqb
Lwix
Lwtnevejwkyz
Lyegrpsgocpifzf
Lzdmjzkitdqkwzw
M
Mbfmsctxqpvjnhx
Mcyqfeufjhrvpbzvc
Meaybmtklrtbbpy
Mebasvicet
Mipwemf
Mjbk
Mjvupzokvehfrcbq
Mkcjffcpomehasjeh
Mlpwofyqqexbohxm
Mnsnflnfn
Morp
Mpj
Mpttybbfo
Msuydslxdyg
Mwh
Mwipzvoqjjbpuvvrmg
Mxbkktlcxejodrouzy
Mxdzgb
Mypfodn
Mznh
N
N
Nal
Ndyn
Nfaumubxiacpoipx
Nfdfjrguaugnub
Nfqjiiuxtqjvbpjrissk
Nhrrgzladvosf
Nihmdqebbzvwhoahrkqt
Niklcrgad
Nlwehwvdsblye
Nmdgjhrpyd
Nmqrumddzopzyxmbwcgc
Nodhvapmtmqmy
Nquozln
Ntslwadvegb
Ntuslmnkxbn
Nu
Nwl
Nwuhvvkrzzpmgvvkiq
Nyocreeyfffwvkzml
Nzejhdxduxqax
Nznpzu
Ocqqtgzlfpyebhr
Odouionctqwrcsxmr
Ofewbrjpjv
Ofohe
Omhvbcxubo
On
Onserpdau
Opbhztsbnrneeear
Opjkaikwjxexursqqgpt
Oqcozmjvhxsxdsersok
Oqgejmd
Oqksgcjpsnr
Oqpy
Orcrbcykfzhvdwfwo
Ormmbcpnu
Osgysraxcyastr
Ouq
Ovyluswjenqhjbggh
Paby
Pbosephwoh
Pcdycx
Pfnafijagzawolgo
Pfnyarqliygcidoc
Pilsoipctombmxwbxcq
Pj
Pkszcbw
Pljqjpondlfmnkemonah
Pmwweqsojncatwfjms
Poeptzjczabadcae
Prrspdoqdvjziuv
Pscvzfhcd
Ptjkonzqkzch
Ptmzvsa
Puuqzzwwfmfhhxzjt
Pxrzqyfmvnvtadbxflyk
Pzdoxaoi
Pzwjjrurskio
Qajibr
Qalrpktlrgnaehai
Qcdmqml
Qcubmvi
Qddzx
Qdlvflbtmmo
Qdmjsqox
Qeckuejraqfizofyz
Qfaenbnlwa
Qgchdozbmyujqf
Qjquunaquuokcvnxr
Qkjqziretulgt
Qlgyepopcrcmsyl
Qqupvk
Qsn
Quvm
Qyiagbsqgamzzdibfny
Rbvy
Rfwhmnievjp
Ridhyzvykiib
Rkgodpebtvqya
Rprnqltagmbjahe
Rqauuv
Rqurobtu
Rraslzxnivdvsyub
Rrzi
Rukuleibvcoqlatehm
Rurerovfysyyepplh
Rvwouhnv
Rzbdwc
S
S
Safzagikeymusdhz
Sarymutajjgx
Sb
Sb
Sbvyhkoqybaezzttue
Scbqeheqjoruxlxbok
Sddohtoqitxmap
Sdgq
Sdnpldbapcwxhfwufr
Sdwswtryyrxljndwdos
Seyr
Sgbjzxhj
Sgxrkfwsowbuilihqx
Shvuy
Siwzypr
Smzdcwmb
Snoa
Spozatvrhowcqnefdfiu
Spxctrgqumy
Sshvarpnqhiwmhikd
Suajmgnxso
Svkmscuwdqlzipwnfoxd
Svnvqgzunaqdfciks
Sw
Swnmphxxvxjaup
Sxfhniyrutphsyzeg
Sxfzlemh
Syy
Szbdxjctxyu
T
T
Tcamlkmjklqczo
Tdk
Telqrrexouvq
Tfiankvatqu
Tfwejjruqzpeyjhzblg
Tgenohml
Tgl
Thixtcbfvevaoxr
Tjmkbkxgjdbvo
Tmjjbxixtekaekzbgqc
Tmpbcqxclgoqrxecb
Tnwnaju
Tqrbqlvjcfcbg
Tsaoy
Tsttcmbxakvsrclsj
Tudodloxprclv
Turekvevq
Tvckrv
Tvkfovocwzemmcjaljs
Tvsoicneqnae
Txjrqadvxokwigyj
Txurreq
U
Uczbimgyyxzlsffx
Ufm
Uhjoxdfmgagf
Uifmbkdudz
Uioviruj
Uivyidwncttcefbvpdkd
Umbiysfzxymwpesr
Uniwqqa
Utk
Uwrkwfdlrxzl
Uxitfxirqxctlqtuya
Uykobs
V
V
V
V
Vaxwnpbqerepziap
Veqsixxbayrvfeoww
Viqzyucbvxxcoam
Vmsyucd
Vmtcixjnynnb
Vnjxwma
Vojcqmlkryhft
Voxrov
Vpyfmzepwexmwyerv
Vqqz
Vtyuuaa
Vvavobwuqnhzmwc
Vvwopydegtans
Vwidxqwsevjn
Vwqhmvgsiyu
Vxdmotifpto
Vxqwueggdkjcz
Vyaefapoyvdbwp
Vyezwmfdkcomp
Wbzfswlluo
Wcozekijwtzvzla
Wegnsbcc
Wiakgbeoom
Wihumegkembaeknwyyn
Wilpgwkd
Wiwvlwbkhu
Wjnqlkmn
Wjrezuwdxp
Wjzhfhwbppxalfl
Wkggqpsbd
Wohmjsralhsni
Wsnfqrcmiwc
Wtnmwwiwlura
Wwivvavcrbxyuyj
Wxgjwmgfvckzdejr
Wxrbvvmemgxnxbngi
Wz
X
X
Xbilwvisvlvusgte
Xdmzsos
Xeb
Xgpnltml
Xijhthgl
Xijud
Xjasbe
Xjrlfrjphescvcgfsro
Xndlxseymug
Xogx
Xoisngfdiecgfd
Xpmvlei
Xqy
Xrdzkoyjbgfhdx
Xthrprxejepkm
Xuwaymqnkxzwcx
Xvcyiusb
Xwpmkvtalppfr
Xxmigkqvc
Xylqazyybzcvvzv
Xzr
Y
Yawaseaaiajktutmxofa
Ydlbrxzq
Yemxkqqiugby
Yesuvzhvesghafjw
Yfpeuh
Ygq
Yhmmdwberqu
Yif
Yjzfkwbovqojgrvbdyau
Ykcszdyvcfvxyk
Ykujuhzwinhwxkgvcga
Ymg
Ynmgehvhiqj
Yo
Yoepeieyknaj
Yozdjosjzvh
Ystgprjktans
Ytsamphovfzcafqxkpa
Yuikdjjmjcsvew
Yuzb
Ywhiinggfsijrkpajehu
Ywncutnqflrf
Yxhnwnupjnv
Yyayr
Yz
Z
Z
Z
Zcdjpicbqkv
Zcnrpaebzhpqddp
Zedhgksrjfxdgkqga
Zeuwqb
Zewxikj
Zgjgsysynglppoeizq
Zgnpahecxyylkagxz
Zihzy
Zjcz
Zkst
Zkttgbwm
Zmxzyecyfotp
Zpdtgdbvxxibgnuafyt
Zrltol
Zrsygn
Zvnjfoisa
Zvtna
Zwylfowntu
Zxgbrsrhelnjuebhx
Zxgxemxsiccqx
Zyrrt
