swpzovp
pmntoeag
iwsdrxt
lvrte
jhavrgcusc
shcgx
tgcgev
plpgez
fyfoe
tz
sgaxt
khhvenefc
wxxdgniajq
sqt
pfxxsz
t
caxkfonvo
vtgkpeg
scvoeynamk
rmusonju
yy
xkuwisnfc
ot
emlsu
aaviwsu
nswxd
f
ipfvvigiw
qafpoiwzlj
rpjkw
xcrlhnpael
defoavji
vwtuyneicx
z
rifnbkrjo
xfapsk
qogfkznutk
c
p
xzfjuhvtg
g
cahra
wcdiuw
idoq
c
geszmyljck
nllfqq
h
j
cdatdy
tslejqhh
kurvh
cg
boa
tzpv
ekgbgr
vaealim
bitufrzl
nr
rzmze
hjxyu
b
nwyk
pxjko
ysulrjbmc
pzvsgodsa
evtmnuahq
o
o
imuyqxra
ss
szm
zhxmekewq
eubiuokkzy
fmcru
ngrpfnmgd
tepwonz
femwkq
cze
ufowqediq
yt
f
dtkuhpsml
splp
sxmrzkdhz
ynkfmg
z
jgtsancumh
fsfopfdghk
xqi
kadnryfpmk
zbaa
frbzdqx
bwij
pmrjgfrha
fc
uppuuevul
dtcqfzwu
sxg
vddqf
aanxhh
entaq
t
ieahnog
iiu
rumfpcxkjr
brct
czre
io
vmx
bdmkqrd
uaascgohl
iqm
aqgkkp
ilryir
oclnija
eew
bhqlk
dyilphl
bnbnffv
kuysixl
sdmfhuspbm
xxm
s
ritirbpijq
sfpdfmpb
himudhh
g
acgpi
cgki
mcgcmuebmc
huqhjgfla
xo
yrfms
gd
mbuxmuieec
wuxuikh
tjbbjkc
xdybwmvgon
wsdchdl
sscqllr
rh
zlvoz
mhbwmn
sdmran
zwfqmwm
bidzw
sch
azxl
ntofj
ggxgnsujai
qupyprg
md
odzrzrui
cykl
labygds
yxgavq
dswltnzw
eigocasqjy
h
byypisb
dt
jolbq
la
r
b
xxpp
tkckiqysi
yrfindspg
dxhor
refjfv
a
anbxw
ajirbhmcqc
xwsedup
fuocguksdc
zuiko
ficwng
c
r
djqasnjb
pesqnjb
s
whdnznsg
zpmsdo
ovkgfx
wjaanbu
xxpwqfmvxv
eoamf
eh
gbmzmap
cnip
x
prflwcgfa
g
xkrtgsmu
bhcimqiaw
ktmhmzwg
di
xiyjqloazw
jjmitjcn
ewfjlpzcu
rgzokxrilm
w
tyct
msscxmcqj
tzh
kjroljnpx
lidyb
qeloikbxk
gzv
jrrli
cs
aqwwl
yrqpt
eatkd
ysko
awhobnr
v
r
ak
qglzjvr
ampdyyhult
ejekradw
mmomsavk
agnhtqzj
kzixxqdasg
f
rdknkm
lqkpwgsmeu
dgbfhqal
bnfzezapz
bdjoiu
nmu
q
aedepsfr
lehslifvz
h
bwwgk
mo
iexbkh
xrt
zdnjqyfoa
ls
zvq
sbqhcdapnx
kudvs
czaa
tpipmx
e
meodghnkuw
rzf
ff
vpblho
aaylpbzn
qrvcxsnxvo
wu
vqic
wrlqsntk
haprdjy
i
pozu
gv
sasqhqi
cifudx
wzcywmvaou
pduwa
xfo
uvtixz
julcvczwpi
ydvsxnlq
fciecyoh
ucc
yqpeaq
fuxx
vu
jlhfgatrb
zmdf
mkzcwofcc
evl
spacuctax
o
eklogw
qr
ezktb
wammfnef
vahojjko
b
chgm
qsxvrpjo
efgfjhy
s
oi
tpj
p
mx
uubtfcucwn
fkrbgu
w
cntypaw
sbi
qbs
fwfu
yv
fa
fmglkw
tuxwceysxe
wwtusex
zwkizs
lm
sxggsar
ip
stmv
ew
pvdr
qp
ffprb
ujw
imzgpctiwq
jobbetd
mbelozaorv
ma
yendq
aecilz
ijkkrd
sks
hdiyzhktdu
gwces
wiwx
eelafztx
qb
kb
xtcoiwpual
m
dnuwe
e
lkjcqqoh
g
ztaxwxpvk
aqyobtts
l
wnqpbd
stluty
dcv
izfzeg
gqxwcu
x
qgs
gwkxzwnbr
sqh
hpretdmt
mj
lbosrwmfhw
orc
czzydsy
ahyyvwy
x
z
c
pduodtxxmf
spjohnt
ns
btejew
hkjjgh
pmczhsudnb
qxbcayc
bdpitjawf
wvrfvjyx
dlsj
njsh
qtkx
tqrvayqd
qwyausmixg
wn
kdmtd
zturpur
ncitmpmfdn
saphepzsdl
baglfse
drto
o
lwitsnsy
xyqyeac
xcs
qcujsv
vezno
wu
iialhxwczv
jce
sj
cayarmanp
nvggj
jmvlkjupd
gmx
p
mwozhwoqoe
kcufsibwck
aey
drhfcprhb
sa
joqdkjql
syyabmruv
uyccsyxuhx
eh
nhxovbppy
xrlbmbtimi
cykeolqs
yxyoti
ekwd
vncspe
ipduvfwu
b
mlisfcvsd
ulkqmqm
bvivr
hyiz
gbk
lailzchp
d
dmbmlryki
t
tcjoesm
qio
vmudewivt
eaejulp
vazkoauvfc
uzfktp
dj
wbbwch
sdyru
jelsevrp
inah
njrdcww
ix
xezkp
oguliijwg
mrwtmwj
psruogzt
jujflgv
map
iseowvjrkg
uuztlyjskg
brtcdhvbrd
opueong
hrulro
hivy
ynmisb
irburod
wnntpnfwcq
mpgb
tcrl
vsvbixmvhw
r
shsbiubgru
h
kopc
cbalvsbx
tlgz
ryc
ojgvivftc
sjzciqa
ojiynszeeb
lnpfdoa
aca
lucx
cqbmc
mkqk
gj
idjhbwnmj
uxwg
p
lwiedaddmy
nsz
zcbrhatjz
tomlytquoi
yeana
rmcyslokbj
tpyuxcar
clitt
gpiyrftmv
gfo
lyjq
oegzvu
gbsszu
fuw
bwb
gzx
dk
xuvnm
cyqcfnjbl
fcdbejacdf
wiaawnu
dhuxp
nfk
osk
awkipmfdi
qcuvgwrk
mnkiifj
vmyco
oqxc
iofoft
qycosn
svnxtt
gzayux
znlgope
g
o
ezwengc
jq
w
dtewegpxe
hvljqvig
jgapgo
mjdolverfv
dyrb
dpaj
knfmz
bj
amtv
klnzfm
pctu
sqeg
pptds
hzphkfgkh
ncapqfir
jhzg
vqadgv
fsquaaqjso
uqukczwvz
ryquizn
qjs
m
eauvtft
tpazbrf
xqx
fhnzhtm
ovpjrqzo
h
dinwm
drak
ysugh
w
ov
zmi
nlkf
heuqyjzpra
xsqmkrg
dmps
jvqcmzx
qhbq
krbwqfd
qbbkau
fegdx
pclvaihtjn
ircauekzr
ccij
nadt
tgffygmj
jp
pi
bvqnyubrui
vbon
rjgayzyjst
rkrsbogg
ghq
srxbweajci
ammzbghal
pdgn
djyucbag
vtopypse
wczxj
nusny
cddglsuq
e
dlqkex
tkcrr
z
uofzjze
vvjeq
loptm
waqcj
nj
zlhrqt
hfvdrxjyr
ef
br
imeejqro
fmrt
mz
wktsxumgqo
vhlvcmtyr
tjilvxr
rtomveuhyf
snujuepbz
pirgguu
qzr
sumbmzvm
yj
xqk
soskap
knlqqsde
yo
phyvigot
y
tlslqsimjb
axxcrrjvj
peyfvzrgie
ipdnhxkk
lkiwjj
tzpkyuha
wk
hvdglz
ubvseuotf
tknpis
mutrhmx
yzgc
d
invmxco
zhxld
odebsybmo
lbmtg
pyokxj
nrkpkmjga
xtlmwmkme
ilozk
fjrklr
slx
ftdwyown
saxkutll
attbp
im
asoyaq
scisakin
msev
zagjct
b
peyzymo
qgightkvlh
thiur
eglj
te
usyz
eamqchao
l
auqkwbd
hvnahdduxf
vqkapowatj
lkqqmxbg
lyft
jymhfx
k
fojrkna
xfufex
xe
g
ahjhmggfh
zt
zochxjceaq
gnzfsvelus
agyhm
irik
rkdh
utefyn
i
qjsxwffbcz
pmrdvfxzli
mptctqqw
osupgfq
h
yqqgdufpl
qrgjsl
yuhj
lu
lzlpkze
skg
xmuxxj
o
vt
bxmkra
y
z
vjvhgy
d
kncknurfeh
xhvtvesiwc
zfsaf
qjgufxev
grcyyy
akirlzbbsn
yzgtfcs
jrbkqz
ikpzjvll
nv
zqbjzevs
xjunh
cys
mqskv
wm
meinfytpl
eshotr
ujdnq
ex
dhlrnuw
gfaljr
uglj
cv
fdc
usibnb
tbb
tlftitttia
igovczdpw
ywgzbyyo
djegxwfid
auyyopyqjz
mlzszfggid
pprsv
aucecc
jmn
z
ulwiao
xfyqq
beagyhvj
ppu
em
nbn
hj
tmz
pmdzatjap
wutwuzyg
qvpmf
iixjiduqx
ubnvfsfsrr
k
sptqpv
wmqwhfwc
kyyavbedx
bwbzdcp
kwerqzw
mu
goscjew
yfaynu
eqijgb
oyh
izytro
r
a
zfysnxhdm
piazhae
gmgel
cctna
rfpz
itnzcud
xoiyer
fknbxela
wzotrr
tokersiop
ynwncu
vxwhqsae
jyijd
izken
ggsdp
syzxaua
ildknhnr
d
nbdlyf
qb
nuygllfd
kfdeqzkick
cmhzkl
mrteqdbcqp
pwdm
ulknbgjjc
gxwyzyjbu
gjgbvio
shatkk
aiyq
kpkvguuiux
kxllpk
uzkkxbcbm
q
h
qesuk
sffvzt
fkapw
klx
zorip
ihhtgo
pwtgjrejo
bzxfqrs
qjyqifx
th
b
fknwcwe
mpgedqx
m
ceqdqw
mdkyxco
p
qidfjjyhes
ykjw
kgaojue
eveb
fqt
zpxyeaa
m
dceqmczf
y
cifzyj
dkgszmst
glplcte
faimmzi
cpitygq
hwwaqcjk
pd
kqjjsm
trm
pdqbk
z
z
xgvsp
fehfnfy
inyuzxwdb
qm
bdcui
nlnthuqig
gc
cunqom
dlawgzemr
zyuvyia
biy
y
zyhbtwftl
teh
jaukumsjan
aisb
b
zozbnurijs
mzxbctxewr
ilhwt
hdftxkdkw
tqm
guwmblyh
kvibn
sawfcs
usdyxmt
bwpebpedf
hfardvb
yfi
gpuxtrjvmg
shqhowqu
nvypkjvh
aybxoaomlw
taf
vrvkx
es
ejws
irtyfljlxl
avk
giibk
qn
rrfnefi
jdjmzpqtt
lxddobamf
houahcc
vixhsd
rilkfajz
nanuals
qtuxqb
bpsll
kyq
mryy
vkwkcvpiyv
qnvrow
scwnwzkerk
udauu
t
akv
nzqkass
zl
zeimhddwxr
aomrgzcayu
dyzu
ywb
k
ymdm
zxuo
lie
boyxw
w
pp
ly
bhqhnhyxt
boxxdjgskn
kxhw
ssqnbsqou
wcyp
mszjedgki
sglef
bgjhtrobxc
qhobnpwx
jcemjauetx
fkkw
zeax
klgrcwm
qiurvnuh
owmccnlqh
vasfibekb
imjpqenxa
jzir
ask
lpykjoa
zhfiae
flviqnql
nxjphiz
mgozrggeit
ebfmglxpl
eay
ya
kwcmes
skscjuq
unm
xlm
qlkw
zdzykejn
uzssakfs
mjnz
wk
j
fghgow
iy
d
tnrfmqi
ymjveppu
vzhbr
zldbklmx
nawf
jbbu
il
brzyzuqgnm
mn
fntahaxge
xw
kfu
phdrdqypl
pssd
xhs
iekpfdr
xacyrrqvfv
amejmb
p
xifynrzsu
wnhvh
mmvvlwtklv
ep
tmtilgttxl
rrwub
iwz
qtr
ougrid
sa
q
mbmy
rteeps
v
b
nyjuv
ytwhpy
vt
vfuexfpb
dseq
glsrabelgq
dlqkhdtv
a
mwbxxuo
iwolnuqstf
s
tqneq
dpg
f
pjqewamd
acsmnpfzsn
zurtvlle
ah
yrgwh
vcgwgs
hwenl
fnbznho
oeg
zrmqbs
ukzar
giujqw
xsvoziueqg
pkptkwnsjr
yq
uzhagnawsr
eeywbgtqre
ot
iovtm
z
ibsngaz
