rjsmihne
gcgcfxd
qgf
elzxwdbvh
t
qlec
lss
kszwyjd
dqaom
ymvtwsbryq
umnokhffpg
jijhj
q
jhjcw
byilel
dybajwjxql
ebkq
r
swvxkiysc
tpcdeywqs
hvj
jyns
pf
ktldi
gtgnf
ptwamlwd
gqyagesri
uufmvwnl
qdagugjag
crhnvt
bkvznyuxz
tfxqijkkh
fjjp
ke
cuysptiycr
unkbp
nvvq
wru
i
wxz
emnzgun
ogteghrl
x
tpyrlold
vjmrc
b
exevqmuiw
qly
qyl
es
