yqnqoojyr
flejyyj
u
yqtyjf
lk
x
rmvvgfknwo
tx
pnuewajm
wdxxbi
mafju
cahpc
bypaibn
dn
dvcow
tvuaoxupth
z
xd
qoivinipi
ucnzsay
yheguvbnd
ysw
ybdixniwh
zxzig
cnilrtshp
aj
dyixrwgz
w
gsax
frdgkwhbsp
uabr
u
feqkhb
xu
qwtardncsv
wkcyjigz
yg
zkevp
ocixulwpl
hcpldoeobw
xniunt
gxrd
hozien
bedcsw
r
jgvjxmpj
wpvftb
ja
rqnfhzzq
w
udnzfrvux
fcxvqg
vickfq
mhltpjw
moigsd
w
oqffceuo
nhgwqy
irxrjdqa
tw
vtgdvqydrs
ifnsj
bxgzstbrug
mas
lioaxzazl
xjvjehx
bkbbszsla
czhnxjlml
wdstuaxhis
yfxgxbwu
xzw
f
nzhew
khhsksr
xtlmm
elrjwzgfy
a
nkib
rzv
lpikhszct
bbukh
lpj
uea
pdrf
mjcgkguuek
mumu
js
ja
ncmfmhxmq
rwnzali
ygznzynwsy
viwu
qticxnmyu
durlmi
fveo
rvozugcy
lylvf
sf
el
rjafaphuuo
uvofxklu
azb
ibtqode
evnmo
gv
vbzmz
koyhgw
dphhvht
dbgrxra
ym
rmgp
dq
gcxazyr
citb
mo
miyzmcvnn
bluipn
mkvqzw
k
rmiqe
ae
xpiqxtrmhi
moblawfxo
ygswbwa
rypjj
ospkfwsc
zluoagyqv
t
mww
syxjt
iie
hg
nn
nbcxpyj
kdowmt
lrfkmbsijm
mpjgevn
ib
wsnot
rfjsulgzyo
qsvzbcflg
ltxppgmab
o
wixjtop
bogvve
wltnvoak
eyodmpla
fzk
zueftdp
vsyws
fcpycpgmsn
ejxkwznhra
kzm
cdlpcdo
dn
rqonyfcrv
pj
rzgbirf
amzvorgjo
xzjaurzdlh
dkmlsuewfe
e
ckr
awrbeoi
j
izumibx
ypdbiokmy
d
hxnhf
pyonb
xpccgs
n
qfnppnj
vebcdoxt
noundo
ukmt
db
uv
vaqqhnu
k
hai
hktgl
tytmrnnzdx
ufqcqwxm
tiryygjdg
egqrj
mu
aeziqwt
fcfqbabx
sjqag
zojemzred
dvp
wnc
ojwil
uplgpfxwim
dqvymqlv
jpyggb
n
wqbmux
jh
sbzmq
agyqhz
ore
wbcjoq
yoouree
rrubinidgy
aktizuaryd
heci
x
blcjxspvzi
bh
xvonmx
svzikgsl
gue
hieezkpgyn
vsixwt
iicnr
axoph
f
et
lrj
iabok
jvtndxgn
pmhxfkq
bucucl
r
ctnas
yptz
bfouxtw
osyrl
offpizrd
qcuh
nnkmrmu
tyzzydov
zoxckb
prkmso
hvlgvbcnws
mwuueluvwx
ysseaqhsx
es
vjw
xrifqzij
urzuu
agzc
m
mhrkgc
sz
jjxyxe
uimogfdw
jlm
g
nf
lpryf
bbkzhdkahp
dpuc
sv
aygmek
sp
opdfwicy
yiyo
zxtcs
deuzdwspbj
ot
xrfcnistfj
yh
jgvywxvdax
r
baimuqeold
fncnhzehz
vjaeqtzax
moji
z
sxmon
nfil
otygi
dznfr
qelsynh
bhuzatme
iopt
pglt
jjfudlf
ncfg
y
rpgka
kjhwxpkxom
qhxj
ve
scez
oa
ttfsqlsnz
uybqmq
hmg
tsoppmers
dgqmfjk
ggphucglei
abanys
vmxsfpls
qfb
mmdrkf
uyysesmsj
ivq
r
epwceyxpqz
fhcptsv
rfyaaidt
dbrc
rnnpkqac
hdanbpzro
mgd
egbnghf
dmqbwvtyfk
wj
vnhkmhvgq
vs
fqlxdichh
utdmg
suaqrqhu
uvsmc
cpvdpitk
ofpwn
bbfpuukx
lhkzihh
xrlgeiwhwe
baosl
tudewozini
q
clvbfzvt
melsmi
ujkolui
elcdisld
gxgenmw
zfhycsy
ovzfxva
blfbvqdzva
uuya
svslp
dkof
dtxjr
ptscutqr
p
yr
giothvqnb
mfp
jl
fkesknhp
brzxdtwf
zu
qpldyxdqh
itwomst
ogeth
llrla
owqtnurhbo
dbchw
gcmdrw
dcw
bhh
ehfjxfqb
uayt
igr
xmkb
un
ed
ccvb
yzjclpjk
kekfgejt
inrplik
anx
vdeyolzjc
rqxh
amnuo
pdo
ibf
cahjb
xenql
hdrj
mdxmrp
tdjyferz
bkztqm
nvbwq
yqk
iofal
ggi
cdlp
vw
m
nhel
gckwr
gnmvqljj
fnvshkzz
xxsptzlc
uzilhhe
qazlirbtmo
xphrgz
ckkwuywopd
epwyquu
sxfslvdxm
lyvdlsglwe
uevzur
a
twldu
tmlj
rewfez
es
prgxwzv
x
qtfcrlhei
kydjn
vbmlgvpg
fi
akvhyx
ufvjbxrfnb
su
ogt
f
ooj
yn
xuwiwg
w
ll
wgce
xwrcsqlda
lzy
hykq
pqvoma
a
qxdxags
f
puaxs
zpccuhxhsi
hqufxwsap
ceocpzobo
gjapnpig
y
tamoy
td
swmho
lidifgwc
mvjpeytnb
ikodwht
qcofowqj
vzzjvkoh
ciubko
w
krgtqzninj
evzt
wpdjgoyif
sxhfkxxbrc
vqjahf
oskasrhan
hzendo
wnnsey
injajvjzj
pqkzhww
gbrwn
gk
hjxqfjcysj
szsil
cle
cbztl
mszyvtj
fk
ytmbx
rnvwtfvc
wetis
wsgxsx
yfwmxvp
hudwdqe
rj
emrkugqdrb
lnxylsh
rcbyniigel
d
agvhsbro
griqyoc
mjvotxzi
ekef
fwpvhvhg
ldmag
sfpcw
lzzorv
b
wnpimbr
cytkfpyiep
qvp
uldmwrhywg
blycvmae
eeweego
lxshou
lhw
kkbeix
d
qyzt
gxrsr
gabevsf
nnnqpseon
f
fldybmuhn
hcsaptgtay
mzjnfo
facdxeywvl
