no character
W
P
E
X
R
V
E
Y
O
B
G
W
W
J
W
X
P
W
K
R
X
X
P
A
A
A
A
N
Q
Z
Q
N
A
G
K
K
K
K
K
B
B
B
O
no character
M
V
V
M
no character
no character
no character
no character
no character
no character
H
no character
no character
no character
no character
no character
no character
no character
D
D
T
T
T
U
no character
Y
no character
no character
Y
F
T
Z
Z
N
Z
M
F
F
I
I
I
S
F
I
E
E
W
W
W
E
E
X
Z
A
T
S
T
F
F
M
M
M
no character
no character
no character
no character
P
O
no character
no character
no character
E
E
E
X
X
R
S
S
N
R
R
N
C
C
E
P
S
K
K
M
M
M
M
K
S
S
P
P
K
K
Q
Q
K
L
L
L
K
K
F
U
A
A
A
A
A
A
Z
Z
Z
P
P
P
X
T
P
O
Z
S
S
M
L
F
F
F
L
N
J
F
F
R
J
W
W
M
Q
J
G
J
W
M
H
H
F
M
M
U
W
D
Q
D
D
P
P
P
H
H
W
W
H
H
H
W
W
W
Y
Y
Y
Q
Q
H
H
Q
Q
M
Q
Q
Y
Y
P
Q
Q
Q
Q
Y
Y
M
M
M
J
J
J
N
N
Y
S
Z
K
C
L
S
S
L
L
T
D
L
K
X
K
K
A
A
C
A
X
Y
Z
Z
Z
N
H
P
J
J
O
O
Q
O
J
J
J
J
N
Q
Q
V
A
G
R
G
G
A
A
H
U
O
O
O
O
H
L
R
C
F
L
U
C
U
I
U
U
T
Q
J
Q
N
R
F
H
N
U
U
H
A
H
A
S
S
S
S
F
no character
no character
no character
C
no character
no character
no character
no character
no character
no character
no character
no character
no character
no character
no character
no character
no character
T
Z
T
T
Z
D
S
S
I
S
D
D
D
D
D
D
T
K
I
O
O
O
O
O
S
S
Y
L
L
B
B
W
W
W
L
L
L
L
B
Q
N
H
N
N
N
W
W
W
X
F
F
F
F
F
X
X
X
X
X
R
D
D
R
R
T
S
J
J
S
S
B
B
J
S
B
G
G
G
L
T
T
E
F
H
H
L
L
L
L
L
J
J
J
J
J
C
P
O
P
X
G
F
J
U
I
G
K
R
R
R
X
Q
I
I
I
P
P
L
S
S
S
S
B
Z
N
N
Z
Z
Z
W
P
P
P
P
T
F
L
Q
M
N
N
N
D
D
T
M
M
T
T
U
T
I
B
B
V
V
B
I
I
P
P
P
P
U
H
C
C
C
Y
Y
Y
C
P
J
J
W
F
N
N
B
D
D
K
H
H
H
L
L
N
F
F
G
G
J
N
V
O
O
O
O
O
O
D
L
L
L
L
D
D
Z
G
G
Z
K
D
D
O
Y
M
Y
Y
Y
Y
Y
Z
F
L
V
V
N
J
Y
Y
P
P
Y
Y
Y
G
V
Q
X
X
Q
Q
Q
Q
Q
J
Q
H
H
H
Q
W
S
S
W
W
X
J
J
A
Z
Z
Z
Z
Y
O
Y
O
O
O
O
O
O
O
O
O
O
I
U
Q
B
B
Q
Q
X
V
Y
Y
E
Q
L
Y
Y
O
V
R
R
E
N
N
S
S
N
W
O
O
O
O
N
R
O
O
O
P
Z
Z
W
O
O
W
U
U
F
H
T
E
E
T
T
T
I
T
T
B
O
K
K
J
A
A
O
O
A
A
M
O
S
A
A
J
U
U
Q
Q
O
D
D
D
D
Z
A
H
E
E
C
C
E
V
V
V
O
O
Y
Y
Y
O
G
X
K
X
X
X
C
W
X
X
X
N
I
E
O
N
N
N
N
O
O
O
T
I
G
G
G
G
I
W
L
Q
Q
V
H
J
B
B
J
V
A
N
B
G
J
H
H
H
J
J
K
K
K
R
K
R
R
R
B
T
T
Z
O
A
A
X
L
M
M
L
L
G
M
W
C
Z
D
L
G
G
G
D
D
D
V
N
C
C
C
F
L
Z
Z
T
T
Y
O
Z
L
L
L
L
I
I
W
W
Q
I
I
I
I
E
R
E
F
D
F
M
X
Q
M
M
J
F
F
L
L
D
D
I
E
D
V
O
J
Q
Q
P
P
P
S
S
H
S
H
O
O
V
X
X
E
R
W
G
D
D
S
N
H
H
K
P
P
K
O
C
G
S
E
E
P
X
X
Q
I
X
X
P
H
V
V
F
F
T
T
T
T
T
T
T
D
T
T
P
L
S
Q
Q
S
T
L
L
B
Y
B
C
S
S
V
D
Q
A
Q
G
T
T
T
T
G
T
O
D
D
I
F
P
V
V
E
Z
L
K
Z
D
R
M
M
X
J
J
R
R
R
R
O
W
W
M
R
X
A
O
O
X
R
R
F
F
R
R
R
R
W
O
O
O
O
O
Y
J
Z
P
P
Z
P
P
E
E
R
J
J
J
J
F
Z
J
X
X
W
W
H
X
L
L
T
T
Q
X
S
S
S
X
S
S
J
M
J
J
X
C
Y
C
C
M
Y
D
N
O
N
S
S
V
H
H
I
I
R
Q
V
Q
V
V
Z
Q
I
C
J
G
G
G
G
G
G
P
V
J
C
U
Z
J
J
R
J
J
J
J
I
A
U
U
J
F
F
F
F
R
K
X
X
X
T
T
A
O
R
B
B
R
F
O
T
R
B
J
U
R
W
U
U
U
U
X
R
U
C
C
C
Y
R
R
Y
L
L
O
Q
Q
P
P
M
R
K
K
L
Y
N
Z
A
C
K
A
I
I
I
D
X
E
I
E
X
E
E
A
Z
B
E
E
B
B
E
E
E
F
F
I
E
E
Y
Y
Y
I
K
K
K
Y
M
M
M
O
O
M
J
J
M
M
C
C
V
V
A
A
E
E
E
O
W
W
W
Q
Q
N
Q
Q
B
E
Q
E
Q
H
E
Z
D
Z
J
S
Z
P
P
P
P
P
P
Z
Y
F
N
N
F
T
I
I
I
O
V
V
V
V
G
R
R
D
D
D
T
D
D
R
E
E
E
K
K
S
E
E
E
Y
Y
L
L
A
V
J
Z
Z
J
J
V
L
L
L
T
C
C
G
L
L
G
G
P
U
P
L
Y
G
G
P
J
C
I
T
N
K
N
N
M
X
N
N
T
J
S
T
H
T
P
T
J
J
J
J
J
A
L
L
L
I
B
J
J
J
J
S
E
S
R
I
I
I
I
K
C
W
S
A
E
E
E
A
H
H
B
B
B
H
T
T
X
R
R
T
T
T
H
W
V
W
B
E
B
B
L
D
L
E
P
P
N
C
M
L
Y
G
F
J
J
G
Y
G
G
Y
N
Y
G
G
L
L
S
X
X
W
W
H
H
W
W
S
W
W
W
W
Q
W
L
B
B
U
W
W
M
U
M
U
X
X
Q
G
R
R
A
A
X
A
N
E
O
O
T
U
I
I
B
V
V
V
V
S
S
P
P
Z
U
U
U
R
R
S
M
M
M
S
G
Z
G
G
O
C
K
D
O
V
G
O
I
S
I
T
I
V
O
O
O
G
U
N
K
K
K
K
T
E
Q
S
C
Z
Z
Z
E
E
J
J
M
S
U
U
U
K
G
G
G
G
N
G
H
H
N
N
G
G
G
S
O
B
B
E
S
S
S
S
E
O
J
V
O
S
O
D
F
F
R
N
J
B
X
X
X
X
X
N
N
D
N
X
X
P
P
Y
R
B
B
B
A
B
B
B
R
P
U
O
O
C
I
K
C
C
O
U
H
Q
X
I
V
S
N
E
E
L
L
N
L
Z
E
E
E
E
L
Y
A
C
M
M
M
M
M
U
N
J
H
H
Q
I
I
I
J
V
U
C
C
C
Q
U
O
S
N
N
R
N
N
N
E
E
E
S
Q
I
Z
B
F
T
O
M
N
N
Q
X
H
X
X
Z
Z
Y
N
L
L
L
D
G
G
G
R
D
D
P
P
B
B
B
L
X
P
U
U
N
B
Z
J
A
Y
A
E
J
J
T
T
T
T
D
D
T
Y
Y
T
T
G
G
Z
U
U
W
W
W
W
J
J
R
J
W
C
C
C
C
M
J
J
O
O
M
M
H
H
H
O
G
G
S
S
H
H
S
G
N
G
Q
B
B
I
H
H
Z
Z
Z
B
B
T
T
H
Y
Y
D
J
J
J
T
T
M
O
V
V
V
Q
Q
Q
C
C
Q
Q
Q
N
Q
B
C
N
I
G
N
I
Q
Q
T
T
U
Q
Q
U
U
C
C
C
C
R
R
R
B
A
A
B
I
D
D
K
K
K
V
D
V
J
J
J
J
J
O
O
L
Q
U
U
U
U
N
N
N
Q
V
Q
V
D
Q
D
G
D
U
S
S
Q
K
Y
Y
B
Q
Q
Q
O
O
O
S
L
I
U
U
D
P
H
X
R
B
X
J
J
I
X
O
O
T
F
F
F
F
E
F
F
F
Z
U
C
C
U
Z
F
T
T
Y
Y
Y
Y
I
Z
I
Y
Y
Z
Y
Y
Y
W
W
W
O
O
B
B
T
F
F
F
F
F
B
T
T
R
B
G
N
N
N
N
N
N
W
Q
E
W
W
E
E
X
X
X
K
I
G
I
Y
W
L
L
W
W
E
J
G
F
F
F
F
F
B
B
J
O
O
O
N
O
O
Q
J
E
D
E
Q
F
Y
O
I
G
O
O
O
R
R
M
O
H
C
O
M
Q
M
H
H
H
H
P
M
M
N
P
P
M
M
L
L
T
V
M
V
P
P
M
M
M
F
F
F
M
V
V
J
J
I
K
K
I
I
I
I
T
M
L
O
W
Q
Y
D
D
N
U
U
U
X
N
N
A
N
A
N
U
U
U
U
Q
Q
Q
Q
G
G
G
G
V
V
V
U
L
R
T
T
T
T
Y
Y
Y
Y
A
G
H
Q
I
F
F
P
C
W
W
B
B
Y
Y
H
H
H
G
K
R
U
U
R
U
U
L
L
M
G
G
H
H
B
Q
S
H
H
Q
Q
S
S
H
E
E
E
E
Z
F
F
B
Z
Z
Z
T
P
T
T
F
V
G
V
Z
K
K
K
X
H
F
F
F
A
F
F
N
C
R
Z
Z
C
N
N
C
C
C
C
C
N
Q
P
Z
E
M
M
M
M
Y
K
K
K
F
G
Y
G
K
K
Y
M
M
Q
Q
Q
Q
Q
M
F
S
M
K
K
P
W
W
E
Z
Y
Y
J
J
B
J
J
J
L
J
A
W
D
Q
M
A
A
M
J
C
U
U
C
J
O
O
P
S
S
P
P
A
H
H
H
H
H
Q
F
F
F
W
H
U
R
O
B
B
K
J
J
F
D
D
D
O
D
F
F
F
F
X
C
C
L
L
L
T
T
T
Z
W
W
C
C
C
F
F
A
S
S
P
P
B
B
O
Q
Q
Q
R
R
R
R
A
I
M
M
C
E
E
E
A
B
B
W
E
G
D
U
U
U
I
Y
W
W
K
W
W
B
T
T
M
U
U
U
U
U
M
T
T
T
H
H
O
B
B
K
K
K
Y
X
X
X
G
X
X
X
X
X
I
I
P
K
P
J
T
T
Z
Z
W
W
F
M
M
G
G
J
E
E
G
G
R
P
D
D
D
X
X
G
G
X
A
A
E
F
W
W
T
T
A
T
T
R
Z
G
M
M
J
Z
X
X
O
B
A
B
B
B
B
B
P
K
E
E
E
R
R
A
R
I
K
K
K
K
E
R
S
I
O
N
N
P
P
A
K
X
E
B
H
R
R
O
R
H
U
M
M
X
T
X
X
X
T
V
E
E
H
S
H
D
N
N
F
F
F
T
E
E
H
E
H
H
O
O
P
D
M
N
N
F
S
S
Z
D
F
D
D
C
H
H
E
E
R
P
P
Q
D
S
Y
F
M
M
M
V
M
M
F
X
X
X
X
F
W
W
R
R
C
C
D
D
E
E
E
S
B
P
P
Q
Q
Q
U
U
E
J
K
K
E
E
E
E
E
M
M
M
M
J
M
M
R
R
Z
Z
Z
N
N
U
T
V
Z
Z
V
M
E
E
U
X
U
U
A
Y
J
Z
L
O
U
U
U
U
O
D
D
D
D
T
S
T
Z
Z
X
X
L
L
Z
Z
Z
Z
J
J
J
T
X
X
T
O
Y
D
D
D
D
H
D
C
V
V
V
X
V
C
C
U
U
B
A
R
F
C
F
R
R
O
O
O
M
L
L
W
K
B
O
P
U
U
G
A
Y
Y
A
Z
Z
L
S
N
C
F
G
G
G
H
B
B
F
F
A
A
A
S
S
S
K
Z
I
Z
Z
Z
Z
Y
Y
A
A
D
Z
G
P
P
P
V
O
O
O
O
V
G
D
F
F
T
C
C
T
T
T
T
J
J
J
K
H
K
F
F
F
Y
K
A
A
H
Y
N
N
H
Z
K
A
M
E
L
G
G
I
L
Y
S
B
B
B
B
B
R
F
F
X
G
G
V
V
V
V
J
J
O
O
M
O
J
D
W
W
W
D
F
F
F
F
P
P
F
W
U
Z
G
G
O
O
O
W
L
F
F
T
M
V
S
S
S
N
P
P
P
N
N
N
N
F
V
D
Y
Y
Y
V
C
R
C
G
Z
T
T
Z
B
A
B
Z
U
Y
I
S
C
C
Y
F
F
Y
O
E
R
U
Y
R
R
N
N
Z
Z
Z
Z
Z
B
T
T
S
B
W
W
W
S
C
N
N
T
T
T
S
S
V
V
S
L
D
M
S
Y
H
H
H
T
T
T
K
W
M
M
M
T
D
Z
Z
L
Q
B
I
Q
X
Z
Z
U
X
Q
A
A
W
N
C
D
C
Z
Z
B
W
P
P
P
J
F
J
O
I
Z
A
A
A
I
I
A
A
Z
Z
I
I
A
I
W
W
W
O
S
T
S
O
O
O
X
O
L
I
R
R
V
V
R
D
J
N
Y
Y
N
B
Q
Q
B
B
V
P
Q
O
O
V
V
E
E
E
E
X
X
X
E
I
K
K
G
K
L
H
T
E
H
F
B
E
U
I
U
U
U
U
X
H
L
S
S
S
L
X
X
L
N
H
H
H
K
K
K
K
E
Q
X
Q
B
A
J
T
P
W
W
P
P
O
O
O
O
C
O
C
C
C
C
K
K
K
K
J
G
F
W
W
G
F
F
O
R
R
A
A
T
A
Z
Z
Z
F
A
D
D
D
D
T
T
T
F
F
Z
Z
P
P
P
P
Z
Z
Z
Z
N
N
H
H
J
G
H
A
G
Y
Y
K
E
E
I
E
K
Y
Y
Q
J
Z
H
Z
Z
Z
E
J
Q
Y
K
M
K
P
Y
R
O
O
D
D
B
Z
Q
S
S
S
Z
T
B
S
J
J
J
K
K
R
O
B
B
L
G
F
E
E
F
S
A
A
S
L
L
N
N
N
Q
U
U
Q
E
K
N
B
N
N
B
X
H
L
L
F
U
G
A
A
L
L
I
R
R
R
A
Z
Z
Z
T
S
S
F
F
F
F
Z
A
U
Z
M
B
M
M
X
X
X
S
S
Z
T
Z
T
T
K
I
X
W
W
W
W
W
Q
D
J
I
I
K
T
Z
K
U
D
D
K
P
U
U
U
K
K
N
Q
N
E
E
E
N
L
L
W
W
W
W
G
D
Q
Q
Q
Q
D
D
D
S
D
D
M
D
D
G
G
G
B
A
L
L
X
L
E
H
Z
Z
Z
Z
H
U
W
W
W
O
O
O
S
O
W
N
J
B
B
B
W
N
N
W
T
Q
G
J
J
B
B
B
B
Y
E
N
N
N
B
U
C
C
B
B
V
U
U
U
P
M
C
M
M
M
M
O
O
O
O
M
I
K
P
P
G
W
U
K
X
X
K
K
Y
Y
K
C
A
K
R
K
K
K
E
K
I
Z
V
E
U
G
N
G
I
I
X
X
N
Z
L
E
F
E
E
E
B
B
B
H
Y
T
Z
T
R
T
T
O
J
L
R
R
J
J
J
J
J
D
J
J
U
N
E
J
J
I
I
X
X
X
I
A
A
P
P
P
J
P
Q
J
J
N
B
B
Y
X
X
Y
B
B
A
X
B
B
S
L
Z
X
R
U
U
R
X
H
A
W
H
W
W
K
K
K
K
K
D
D
J
K
J
D
H
H
H
H
B
A
R
R
Y
I
O
O
Z
O
O
O
O
R
I
H
H
H
X
Y
X
G
Y
Z
Z
U
L
L
G
F
G
Z
B
Z
E
E
F
S
Y
C
G
C
K
C
Y
P
H
M
P
G
G
P
S
O
O
F
L
L
F
S
S
M
B
B
B
L
L
E
L
M
S
F
I
W
Q
A
V
Y
A
A
E
A
L
T
T
T
Y
Y
Y
Y
V
V
L
L
F
K
K
K
D
F
W
W
J
G
N
N
G
G
G
N
N
A
F
Y
Y
Y
L
M
M
P
D
D
N
N
N
N
S
G
G
Z
Z
X
J
J
Z
V
S
J
Y
Q
Q
Q
B
T
P
G
S
X
A
A
A
A
X
E
U
P
F
M
P
Y
S
S
S
S
S
S
S
U
U
S
O
G
D
D
B
E
E
A
A
A
Z
G
W
V
V
W
Y
W
G
M
E
M
L
A
G
U
T
G
B
Y
Y
R
R
F
Y
R
Y
Y
G
X
R
C
C
P
Y
E
E
U
U
U
U
E
Y
D
D
D
E
S
R
R
E
E
Y
Y
Z
Z
R
R
R
R
Z
Y
E
K
K
T
K
M
C
O
M
M
B
E
S
T
H
H
H
H
H
D
S
S
S
N
S
J
J
B
B
B
P
P
H
H
P
P
S
U
V
S
Q
R
I
G
I
A
I
E
C
C
C
C
A
R
A
A
A
A
A
C
B
K
K
V
V
M
K
S
S
B
B
B
K
K
B
N
G
U
Z
N
N
H
K
K
K
F
F
E
B
H
B
B
B
B
D
B
B
B
J
H
W
W
J
K
P
P
P
P
O
O
G
O
G
C
C
C
C
X
Y
Y
K
P
M
M
Z
N
M
M
D
D
P
M
N
K
J
T
S
J
J
L
L
P
P
J
J
B
G
K
T
T
L
X
T
T
K
K
K
K
K
K
Z
Z
W
R
H
H
M
X
H
Q
Q
M
P
P
P
P
J
C
C
C
E
E
U
Y
Y
M
M
M
C
Y
X
R
R
N
N
Y
Q
Q
U
U
I
Q
L
C
Z
C
C
J
M
M
M
M
F
I
U
U
A
A
N
K
J
J
G
J
N
C
C
W
Z
J
U
G
U
G
P
P
P
P
B
B
L
F
P
P
P
X
T
U
T
F
J
J
X
T
K
C
C
K
S
T
G
S
S
F
F
S
N
N
B
K
N
X
V
V
V
V
V
V
V
G
C
A
C
G
S
R
G
H
G
T
T
T
M
T
B
Y
B
B
G
G
Q
Q
Q
G
K
K
G
G
G
F
N
J
J
F
B
B
B
V
V
M
M
T
W
K
U
D
D
D
V
V
S
P
U
Q
U
Z
B
D
D
D
S
S
P
P
Q
Q
E
E
Z
Q
Q
S
D
M
Y
H
Q
D
N
O
V
V
R
R
R
R
O
B
O
D
F
N
N
N
F
G
G
A
Q
A
E
E
E
G
Y
B
T
B
V
D
D
D
J
J
J
L
L
F
B
B
B
F
L
L
L
T
L
C
C
C
C
P
P
N
H
L
S
S
J
G
H
N
C
F
K
T
F
N
S
S
U
M
U
U
P
C
J
D
A
A
D
D
D
V
S
O
Z
Z
Z
Z
S
S
P
N
N
Z
Z
B
Z
Z
I
N
N
N
N
Y
E
E
E
J
G
G
W
G
T
C
C
X
X
Y
J
J
J
J
J
V
D
X
X
X
Y
Q
N
J
J
J
J
J
Z
P
Z
Z
B
B
B
B
T
P
H
Q
Q
Q
R
R
P
S
X
X
X
X
C
E
X
X
E
C
C
C
C
S
S
X
X
D
U
T
T
Y
Q
U
P
K
K
K
K
P
O
V
B
L
V
L
R
V
V
N
E
A
F
X
Q
Q
K
B
C
X
X
X
D
D
D
D
D
R
I
H
H
S
P
S
G
G
V
G
D
D
G
G
H
E
K
K
F
G
J
F
F
F
F
F
W
N
V
R
R
R
V
V
C
E
D
D
D
E
E
N
C
S
S
Z
V
I
Y
D
U
N
W
F
Q
Z
Z
Z
Z
I
J
V
I
I
I
I
Y
Y
A
A
Z
B
A
I
I
P
O
O
O
P
P
P
B
X
J
H
H
J
K
M
J
C
C
H
B
J
J
J
M
M
Q
Q
P
J
J
J
J
J
J
K
R
J
J
J
B
B
B
B
B
B
B
B
K
A
A
A
A
A
A
S
J
J
E
E
E
L
E
V
V
X
V
X
D
D
D
L
F
P
X
X
Q
P
L
X
B
B
N
N
N
N
D
D
C
C
Z
P
C
Q
Q
Q
E
T
E
K
T
L
T
E
E
Y
I
I
Y
Y
Y
Y
R
T
P
P
T
Q
Y
U
U
Q
Q
D
D
Q
Q
Q
E
V
G
I
I
L
B
V
E
L
R
U
L
L
L
L
L
L
W
L
E
R
T
J
E
L
P
V
V
U
V
L
L
L
L
A
L
K
K
C
C
C
G
G
C
Z
B
B
R
J
J
J
G
H
H
U
R
R
R
R
R
P
T
G
P
R
R
B
B
E
Z
Z
Z
M
E
E
P
P
U
Q
F
I
M
Y
Y
U
N
Q
C
Q
P
P
P
K
P
B
P
R
B
V
T
Z
Z
Z
D
V
V
L
R
A
R
U
Y
T
T
R
R
R
U
U
H
H
U
O
O
O
U
K
R
X
T
A
X
U
U
I
I
I
M
H
Q
G
F
S
S
E
A
C
C
C
C
M
K
U
P
P
P
P
S
S
U
U
U
T
U
U
E
E
U
K
M
I
I
X
X
X
U
U
U
U
I
H
B
S
S
R
R
R
H
N
U
O
X
X
X
X
F
O
I
U
D
N
X
G
G
V
A
V
V
U
X
X
H
Y
R
O
F
D
M
M
M
M
H
D
G
T
U
U
R
R
L
V
G
C
A
A
A
A
T
T
T
C
P
P
A
A
U
Q
Q
N
N
N
P
P
N
M
M
M
Z
B
B
T
T
T
A
U
Q
Q
R
N
P
I
Q
B
V
J
O
O
Y
P
G
H
G
G
U
U
U
P
P
P
F
F
H
Z
H
H
B
Z
Q
Q
I
K
E
E
Q
Q
T
T
S
Z
Z
Z
D
D
D
X
X
D
L
L
C
U
U
O
O
O
S
J
I
I
E
U
S
E
O
G
H
H
H
G
G
G
K
N
K
L
L
A
R
R
L
L
L
Q
Q
G
O
O
O
T
T
S
S
C
C
C
T
T
T
R
R
T
R
V
V
V
V
V
R
E
K
M
M
R
M
M
G
G
D
B
M
M
M
K
K
M
K
O
O
K
K
Z
J
B
O
O
X
P
P
H
O
W
W
W
N
N
A
F
G
A
O
D
M
M
G
O
Z
Z
Z
A
A
B
B
O
O
O
B
Q
F
N
N
N
G
G
G
T
P
Z
V
K
K
K
K
C
W
W
S
S
S
S
S
S
S
D
W
E
T
L
N
N
D
A
J
J
Z
A
K
W
W
A
A
A
A
A
O
A
E
E
W
W
W
Z
A
N
N
H
L
H
R
N
N
N
X
D
D
H
A
D
N
N
E
X
X
Y
Y
Y
X
K
K
Y
G
V
V
Y
L
X
X
O
O
N
A
U
D
D
T
X
T
T
F
F
F
I
X
Q
P
F
F
F
P
J
J
J
D
J
J
P
V
Y
I
J
O
O
K
K
K
K
X
F
X
W
W
W
L
D
D
G
G
K
K
K
K
G
G
U
A
U
B
L
Q
Q
L
L
L
U
G
K
L
M
M
M
F
L
C
Y
Q
Q
Q
Q
C
Z
R
R
F
H
H
H
R
O
O
C
C
L
L
E
M
M
Q
H
H
W
F
K
V
X
W
H
H
E
A
A
L
E
V
V
E
N
N
N
G
X
C
S
O
J
O
P
W
L
L
X
L
N
N
N
G
V
L
L
L
V
J
J
J
L
L
L
N
N
N
N
L
L
L
L
L
C
C
G
G
G
G
H
H
G
J
J
J
J
J
G
G
L
I
I
P
O
B
B
S
S
S
B
P
P
F
F
O
R
R
J
N
N
V
P
C
D
M
M
M
N
N
N
M
R
N
M
D
M
D
F
F
F
Y
Y
R
A
D
R
J
Y
M
F
O
O
P
P
Q
P
F
F
S
F
P
P
L
Q
L
L
L
X
X
Z
S
S
S
B
R
X
R
U
U
R
M
S
F
F
D
D
F
U
L
C
C
B
B
Y
Y
Z
Y
P
T
T
T
J
L
O
U
O
P
P
O
O
X
Y
W
C
B
B
J
N
Y
Y
V
T
N
Q
Q
U
U
U
U
U
U
A
N
A
A
A
O
O
O
I
P
E
P
P
A
A
A
F
M
W
L
M
M
M
V
B
R
G
G
F
R
E
E
X
O
O
L
U
U
O
D
I
Z
Z
Q
Q
B
B
B
O
O
O
O
O
O
S
D
S
Q
O
F
X
J
I
I
H
Y
J
F
K
K
P
Y
U
E
A
K
Z
S
S
S
S
Z
Z
Z
Z
I
Z
D
H
Z
H
H
H
X
X
G
G
X
Z
T
Q
G
N
N
N
N
G
G
F
Q
Q
G
D
P
Z
L
L
L
V
V
V
D
J
Z
T
T
K
T
M
S
S
S
N
N
F
F
F
Y
F
S
S
H
H
T
H
R
H
W
H
H
I
X
V
X
Q
C
T
P
C
C
C
C
C
C
Q
Q
R
P
E
D
V
U
U
V
M
A
Z
D
V
I
Z
Z
X
X
X
X
X
X
F
Y
K
K
V
V
A
Y
Y
F
F
P
X
X
J
R
T
T
P
P
J
D
Q
Q
O
Q
D
A
Z
A
D
T
J
P
P
P
P
U
F
G
G
S
S
S
F
A
A
A
A
T
U
U
T
Y
Y
N
B
W
O
T
D
X
V
V
M
V
U
U
U
U
V
V
O
V
V
V
G
E
E
E
G
L
T
U
Q
V
G
G
G
G
G
Q
N
N
N
N
S
S
S
S
S
T
T
S
S
N
I
I
I
I
U
U
C
I
J
J
U
L
L
U
U
N
R
R
G
G
C
M
P
P
O
G
C
C
Z
Z
B
P
W
D
D
D
D
W
P
G
G
G
E
Z
G
G
G
G
Q
Q
L
Q
E
Z
Z
Z
D
L
L
W
G
O
F
O
G
V
L
V
G
G
L
Q
T
T
Y
Y
F
T
T
T
T
T
T
I
H
A
A
A
Y
C
D
B
L
L
L
N
N
N
N
U
N
G
G
B
B
D
O
D
H
H
J
P
I
V
F
F
V
T
S
S
L
G
G
G
K
X
N
J
J
U
U
A
Z
P
X
Z
P
P
P
H
H
E
U
O
E
E
E
L
O
O
H
F
S
W
F
F
C
C
C
F
R
I
C
M
O
O
O
D
K
Y
I
Q
Q
C
Q
Q
E
Q
Q
Q
N
N
Q
I
U
U
R
I
E
E
E
I
I
E
E
E
I
X
X
U
D
D
J
O
C
J
E
J
H
L
L
P
P
P
S
P
U
L
U
E
V
N
N
Z
M
Z
Z
V
M
M
M
J
O
O
O
O
J
J
H
Q
Y
Y
S
S
Y
J
K
K
X
J
U
U
U
H
H
M
N
P
P
P
L
G
Z
R
E
Z
O
O
M
N
N
N
N
Z
Z
L
L
L
G
T
H
H
U
A
A
A
I
N
N
Y
W
W
W
O
N
J
O
O
O
Z
Z
O
O
E
N
N
N
N
T
Z
Z
T
N
J
U
H
T
D
U
U
I
U
D
D
V
Z
Z
Z
Z
Z
I
I
E
Z
V
T
T
M
M
H
W
S
S
S
S
S
S
Z
N
N
N
Y
Y
L
N
L
L
L
Y
Y
Y
F
E
T
F
L
Z
X
Z
Z
Z
Z
S
E
S
F
C
V
C
P
C
N
N
B
S
G
S
N
J
S
S
S
S
H
M
M
O
O
O
F
F
T
F
X
X
F
F
N
N
N
O
H
H
A
A
X
H
X
X
G
A
V
V
A
A
L
Q
C
L
N
N
N
P
P
P
X
K
X
B
G
G
N
N
S
O
O
O
D
A
A
S
A
Z
G
L
L
H
A
G
Q
A
A
A
A
U
X
Y
Y
H
H
Z
F
F
F
Y
S
Y
F
H
H
H
U
U
C
C
C
N
F
I
Y
N
F
F
F
Y
L
Z
Q
C
C
I
C
Q
M
M
M
V
I
I
Z
B
Y
Y
Y
V
X
Z
Z
X
J
J
E
I
I
E
E
M
A
A
A
A
N
U
S
U
U
A
A
A
G
Y
H
H
Z
O
O
O
D
B
B
B
B
B
M
T
R
B
B
D
W
W
W
N
Z
Z
X
X
X
T
H
H
H
H
H
H
F
F
F
H
M
L
J
J
O
O
J
J
T
R
R
R
J
J
J
J
J
J
H
H
H
U
H
Z
Z
Z
G
T
D
D
D
L
L
C
C
T
Q
T
T
T
Q
Q
Q
Q
M
A
A
M
G
G
H
H
W
U
U
L
L
B
C
F
X
B
X
F
F
F
B
B
O
D
D
D
G
O
W
T
F
T
G
G
G
G
J
J
J
J
T
T
G
G
T
T
T
P
U
V
W
C
M
W
W
I
W
M
M
X
N
N
U
U
I
B
B
L
N
Q
Q
X
X
M
E
M
U
A
A
U
U
Y
B
B
Y
U
U
U
U
S
U
K
D
D
D
T
W
W
W
S
T
T
T
T
K
S
D
D
S
S
S
P
S
S
P
K
Y
Y
V
Y
Y
O
A
Q
G
Z
Z
C
C
C
C
C
E
G
M
D
D
H
H
Z
V
V
V
D
Z
M
D
J
R
Y
E
X
E
E
K
Y
Y
Y
Y
N
V
L
L
N
N
N
N
N
L
Z
N
L
D
D
D
W
W
Z
R
R
R
R
Y
U
W
X
L
L
L
G
L
J
J
J
J
J
B
O
R
D
G
T
S
S
S
T
T
E
K
H
K
V
K
K
M
K
K
O
K
K
V
K
B
E
E
B
V
V
F
F
F
F
F
I
V
T
T
Q
K
T
Z
K
K
K
Z
D
M
R
N
K
N
M
Z
Z
D
D
U
U
U
D
M
S
S
N
E
Z
G
S
C
C
G
F
F
I
K
K
K
K
U
U
J
N
S
S
S
S
C
P
P
D
D
D
R
Z
Z
Z
H
P
P
P
P
F
F
F
G
A
U
U
O
B
O
Q
Q
Q
Q
M
D
K
K
K
K
D
D
V
V
R
Q
P
Y
D
E
E
D
D
A
A
A
A
U
Q
Q
U
K
F
E
S
S
Q
P
Z
L
H
U
L
L
U
C
M
R
R
R
R
I
I
X
C
C
S
S
S
S
S
S
M
R
R
T
Z
E
M
S
C
C
S
N
N
B
D
D
B
B
M
M
M
M
W
W
Q
W
K
T
P
T
R
D
T
T
U
M
T
T
T
M
L
L
P
I
I
I
N
N
S
S
C
C
N
P
O
L
L
L
M
E
E
F
T
G
L
E
U
U
R
P
J
D
D
O
C
T
D
D
D
D
D
L
L
L
L
G
G
A
G
Z
G
G
D
Q
M
M
M
M
Z
M
Z
D
P
E
E
E
E
E
J
E
E
E
E
B
D
D
P
P
P
P
A
E
X
X
K
K
K
U
V
V
H
B
B
D
P
P
P
P
P
P
H
K
E
E
P
D
E
E
N
N
G
E
E
P
P
R
Z
O
J
J
O
R
R
K
I
I
I
I
H
J
B
T
J
W
D
D
B
D
W
W
Z
Z
X
M
W
J
J
T
A
D
U
U
U
U
P
P
S
S
W
A
O
L
L
S
E
E
D
D
I
Z
I
I
N
T
W
T
T
T
F
H
H
H
F
Q
Q
N
C
P
F
F
V
T
E
E
N
I
I
I
I
D
E
A
W
R
R
R
W
W
W
T
W
G
G
W
W
W
W
K
K
H
N
E
E
C
M
V
X
X
V
B
B
B
P
P
Q
P
P
T
L
U
N
N
K
K
K
B
V
D
J
J
V
D
D
W
W
K
F
R
R
R
R
M
F
H
D
F
F
O
Q
S
E
P
E
R
R
X
R
Z
E
C
C
E
N
N
N
B
B
N
J
O
Q
Q
Q
Q
Q
Q
Q
O
O
O
G
K
I
F
S
S
P
P
P
P
R
R
Y
P
P
P
J
K
K
P
P
P
R
R
F
A
O
O
R
Q
Q
V
V
V
V
V
G
G
V
P
P
P
P
X
A
X
X
C
K
G
Z
Z
C
C
D
K
F
V
V
S
J
W
L
J
K
L
P
P
T
B
X
X
I
B
F
F
T
Y
Y
Y
Y
Y
Y
T
T
J
I
R
T
A
Q
L
L
O
Y
P
S
S
S
S
S
M
C
C
C
T
T
T
C
C
C
C
U
S
S
D
M
M
S
O
S
M
M
F
P
P
P
P
P
C
F
Z
Q
Z
Z
K
C
X
V
V
V
V
B
B
V
Q
M
I
I
I
N
A
A
R
B
B
B
I
I
E
P
P
P
E
I
Z
U
V
V
R
G
H
V
V
R
N
S
S
R
E
X
X
V
Y
Y
B
P
Y
X
X
B
B
B
S
N
E
I
I
F
U
X
X
T
M
I
Y
E
E
E
E
N
B
M
Y
I
Q
I
N
X
X
X
P
O
O
T
O
G
G
G
G
G
J
J
J
T
T
T
T
Y
M
C
M
Y
Y
I
J
T
T
H
V
V
L
H
Q
T
T
V
V
V
M
F
O
O
T
T
T
T
T
T
T
T
T
L
K
K
Q
Q
R
X
C
C
C
C
E
L
T
R
R
R
T
T
M
P
V
S
S
S
A
A
A
P
H
P
H
W
E
E
E
T
U
P
W
W
Q
B
B
B
A
Z
Z
I
E
E
Z
M
X
M
X
Z
L
O
O
O
Q
J
I
I
P
U
U
U
U
C
C
C
C
C
J
E
P
E
O
V
V
V
W
O
T
I
F
F
T
W
M
S
S
S
S
H
V
V
V
C
R
Z
Z
Z
Z
Q
O
O
O
D
N
N
D
D
Q
W
N
E
O
H
H
G
I
Z
D
T
D
D
D
D
F
V
C
D
D
D
N
N
M
M
M
M
M
M
S
R
R
N
N
N
R
N
M
B
S
S
Y
S
S
W
W
W
P
P
W
Y
Y
P
V
M
O
Y
M
O
C
O
M
M
X
E
A
A
A
L
I
I
I
I
I
O
A
I
I
P
I
O
O
A
K
K
A
G
P
O
E
X
X
N
N
V
V
V
K
O
U
O
J
J
J
J
J
G
A
A
C
U
U
X
X
E
J
S
J
B
V
W
C
C
O
Z
W
Z
Z
B
B
S
N
Y
Y
P
O
U
W
W
B
Z
K
B
B
B
B
G
G
W
L
L
L
N
N
A
N
Y
Z
F
Z
Z
Z
Y
A
B
X
L
P
H
U
H
M
W
I
F
F
K
F
F
Z
A
Z
Z
O
D
D
R
G
O
Z
I
W
W
J
Q
Q
Q
K
U
U
Z
Z
J
O
B
Z
Z
Z
S
S
U
D
C
C
W
V
P
P
V
B
H
H
H
I
L
L
K
L
L
F
B
B
C
W
B
B
B
F
B
W
E
I
U
U
R
P
Y
S
H
H
P
T
T
T
T
W
D
W
D
I
W
W
W
P
I
O
F
O
R
D
U
U
G
V
V
V
B
B
T
T
N
O
O
O
C
A
Q
A
D
D
D
D
F
F
F
F
L
T
F
F
J
S
S
T
D
Q
V
Z
I
N
C
C
D
W
W
W
W
G
G
W
C
Z
R
R
P
D
D
D
J
R
V
V
V
V
R
Y
K
X
K
S
S
O
Y
N
K
Y
V
C
D
B
B
M
S
S
Q
M
M
Z
T
Z
Z
M
R
E
E
E
G
G
R
W
W
W
J
J
E
W
E
E
Q
Z
Z
N
N
N
N
M
V
F
J
J
E
E
J
Q
Q
Z
Z
O
Z
X
X
X
O
O
V
I
I
I
E
R
D
D
D
W
W
W
W
W
W
U
A
Q
Q
M
M
N
A
N
N
A
A
A
A
A
A
A
A
V
V
V
W
W
W
W
H
W
W
U
E
E
V
V
A
I
Y
F
F
F
P
P
P
B
S
S
S
M
F
K
K
Y
Y
Y
Y
U
D
D
G
G
P
P
H
L
G
P
P
P
P
I
C
P
P
B
N
Q
A
P
P
I
I
P
I
V
V
V
C
Q
V
V
I
V
Q
Q
Q
Q
O
H
B
B
B
B
B
J
J
B
B
U
J
I
I
I
I
G
I
M
X
X
I
I
I
J
J
J
G
G
G
A
A
I
E
C
C
I
I
I
I
I
J
L
S
S
Q
Q
Q
S
X
X
P
P
P
P
L
E
U
U
B
N
N
U
R
E
C
S
S
I
I
I
M
P
P
P
P
G
G
L
P
Q
W
M
C
C
M
W
O
V
C
Q
Q
Q
Q
O
O
D
W
W
H
U
U
U
M
M
O
B
L
K
M
R
L
B
I
Y
I
A
A
P
P
A
A
A
U
A
C
C
U
C
C
X
I
I
I
I
K
W
W
Z
Z
J
J
R
Z
B
B
L
R
R
E
E
E
O
O
G
L
A
L
L
T
S
T
N
U
B
I
I
P
P
P
B
E
E
X
X
B
G
J
J
U
N
F
J
E
J
B
B
Z
Z
I
U
D
K
A
R
T
Q
D
Z
Z
Y
B
O
I
O
X
X
X
H
H
Z
Z
R
U
X
U
B
Z
Z
C
Z
Z
Z
X
V
P
P
V
V
S
Z
Z
Z
Z
B
V
V
A
A
A
R
R
A
L
O
K
O
O
K
N
N
N
N
N
N
W
D
P
U
S
U
X
X
X
D
X
M
S
T
T
J
J
V
V
U
U
R
R
B
U
Z
E
I
I
H
Q
A
U
A
A
E
L
L
L
L
K
Z
Z
R
F
R
I
H
C
R
E
H
H
Y
D
W
W
W
V
J
J
C
J
J
U
U
S
S
M
U
J
V
O
E
X
X
N
U
U
U
U
U
Z
N
R
R
H
H
R
R
A
A
A
A
Y
U
D
S
D
Y
Y
Y
H
Y
F
F
I
F
Y
D
D
Z
D
Z
Z
D
S
Z
Z
B
B
B
X
X
F
F
F
D
D
M
F
F
Z
Z
Z
Z
D
D
F
F
B
N
T
P
N
J
J
G
F
F
G
O
O
B
B
B
S
Q
E
N
N
P
L
B
O
X
O
O
O
O
N
N
O
C
S
M
M
R
R
R
R
Y
R
Y
A
A
A
U
T
C
A
C
C
A
Y
Y
Y
Y
J
M
Z
P
Q
R
J
T
S
T
T
T
T
Z
Z
M
W
W
W
W
W
D
D
A
C
C
C
C
G
A
H
H
H
K
A
A
U
A
U
U
U
P
L
C
N
N
N
C
O
I
I
I
H
H
R
K
K
K
K
K
K
K
K
Z
Z
Z
L
X
E
N
E
W
W
W
Z
L
M
N
T
T
T
S
W
W
P
V
B
D
R
K
K
H
F
E
K
D
Y
Y
Y
V
I
I
I
B
B
I
V
M
V
V
D
P
M
M
M
T
S
V
X
X
D
N
G
O
N
V
L
L
M
L
S
S
N
N
L
L
I
I
L
L
D
D
D
D
G
U
U
W
Y
Y
R
D
A
A
A
A
P
S
S
A
D
D
D
H
D
S
S
S
Y
Y
Y
D
Y
G
Y
Y
Q
Z
K
K
J
E
U
B
F
F
R
R
Q
D
Q
R
N
E
Z
J
J
E
E
N
N
I
I
D
M
U
U
U
H
H
N
F
F
X
X
R
C
P
X
X
I
I
X
X
R
P
S
S
S
Y
D
Y
Y
Z
D
M
M
R
L
L
M
U
G
G
M
F
V
M
Z
T
S
X
Q
E
E
Q
X
X
J
J
T
O
T
Z
S
S
K
C
K
K
P
P
E
S
J
S
S
S
B
Z
X
K
R
R
R
A
X
N
N
U
U
A
A
V
A
A
X
U
U
Q
N
S
U
U
U
P
P
P
P
E
P
Z
Z
L
M
K
L
M
M
M
L
Z
Z
H
Y
Y
T
T
T
N
N
L
P
P
D
G
G
Y
H
H
H
E
F
L
L
E
B
P
P
L
L
B
B
G
K
K
M
Z
C
R
S
C
Z
T
T
Q
H
H
H
Q
O
O
M
L
M
H
H
H
V
F
F
K
K
K
Z
L
G
H
T
Z
S
U
Z
F
O
N
N
F
I
K
Z
L
L
S
R
U
S
S
S
K
K
F
E
E
E
E
E
W
K
K
U
N
N
N
N
J
L
L
L
J
I
I
P
P
K
T
R
S
V
E
E
F
N
L
L
L
N
R
L
P
X
M
K
K
X
P
N
K
Z
Z
Z
Z
Z
A
M
J
J
J
O
R
S
K
K
K
A
D
D
D
D
G
G
Z
J
J
R
R
R
D
D
D
Z
P
E
E
E
S
G
K
K
C
C
Q
W
W
Q
T
T
V
V
V
N
V
E
E
K
K
K
C
C
Z
Z
Z
E
Z
Z
Z
Z
Z
Z
F
Z
U
Q
Y
Z
L
Z
E
E
H
L
L
A
A
Q
R
P
C
E
P
Q
Q
S
C
L
L
L
D
V
F
F
F
E
E
W
W
A
T
T
W
H
H
H
H
L
D
D
U
U
U
X
D
J
N
J
D
D
A
D
D
T
Z
E
V
E
Z
W
W
Y
Y
Y
N
Y
Y
Z
Z
S
S
S
Z
S
G
G
G
L
J
M
P
M
J
J
Q
T
U
T
T
T
K
K
J
R
C
V
K
V
X
X
U
U
U
U
O
X
J
U
H
O
U
E
E
Q
F
F
C
R
R
R
P
S
D
D
Y
Y
Y
Y
D
Y
Y
Y
W
Y
Y
B
M
W
P
V
M
M
I
M
M
D
D
W
I
I
T
K
T
G
M
M
E
E
S
S
E
E
H
H
H
P
P
L
V
X
T
A
O
O
O
O
I
I
A
A
I
I
I
R
T
T
E
E
E
C
C
H
E
E
E
G
V
M
R
R
V
Q
M
B
M
M
G
L
L
L
B
Y
A
T
A
A
E
D
A
B
G
B
R
Q
Q
S
R
F
F
F
F
G
B
I
S
J
J
Q
S
E
E
T
D
T
T
Q
C
Q
Q
K
Z
V
V
N
R
V
Z
L
T
J
J
J
J
J
V
U
P
V
V
N
N
N
N
N
J
L
L
W
L
L
Q
O
O
V
V
Z
E
M
M
M
C
C
B
B
B
O
O
J
J
X
K
K
W
W
V
C
C
C
N
A
A
N
C
M
F
M
M
M
M
M
H
H
H
M
M
D
V
V
V
V
V
Q
W
G
X
J
L
D
G
G
E
S
U
T
Z
F
V
V
A
Y
D
D
A
A
I
X
W
W
A
I
L
L
I
V
O
K
P
K
K
O
I
I
I
Q
V
V
Z
J
Y
V
N
E
N
N
P
P
N
N
W
W
I
I
W
W
W
A
S
A
A
A
Y
N
N
N
N
Y
F
F
M
M
W
W
J
J
F
Y
H
H
J
N
J
J
J
J
J
J
I
F
F
F
N
F
P
P
Q
Q
W
W
R
Q
W
I
S
O
O
R
R
O
I
B
B
B
F
F
F
F
F
F
L
W
O
O
H
H
H
H
G
I
I
I
B
B
T
T
H
R
H
O
R
F
R
D
R
R
I
C
C
C
T
Y
P
W
H
M
M
I
M
M
S
T
G
G
T
T
T
L
L
D
Q
Z
Z
D
D
G
V
V
V
V
G
Q
Q
C
U
C
T
T
C
D
D
X
X
R
R
T
T
T
I
O
W
L
L
L
L
M
M
M
N
F
F
F
J
G
O
T
Y
Y
J
I
W
W
L
Z
K
K
R
R
R
R
V
V
V
C
C
C
C
C
C
V
F
F
H
Z
Z
Y
C
C
U
U
N
B
B
E
D
E
O
O
O
P
S
R
B
O
O
B
D
D
Q
X
X
X
H
N
Q
C
S
X
C
T
M
M
K
N
P
L
H
H
N
Y
J
J
N
N
H
H
H
W
T
P
P
L
M
O
O
F
W
T
W
D
W
Q
Q
Q
G
G
F
K
K
F
V
F
G
O
O
O
W
B
B
B
W
L
C
Q
Q
Z
N
J
W
U
S
S
S
G
G
G
G
V
U
Q
Y
Y
Y
Y
C
Y
T
T
O
G
O
O
O
O
O
G
G
R
R
Z
M
H
H
D
A
E
Q
Q
E
W
Q
R
Z
D
F
A
X
J
J
V
V
V
A
A
S
L
S
Z
Z
A
Z
A
A
P
P
S
I
I
I
I
N
N
N
G
I
L
I
I
J
J
S
S
S
K
C
S
Y
P
B
A
F
X
L
Z
Z
Q
Q
R
Z
G
G
O
O
C
C
C
Q
Q
L
L
I
Y
Y
A
N
N
N
D
W
W
N
A
C
W
S
C
O
V
V
A
E
L
N
S
S
S
G
N
P
P
N
N
O
W
E
W
E
W
O
O
Y
O
U
U
O
X
K
K
S
J
J
J
J
T
X
M
Z
M
M
F
F
X
S
S
Q
Q
Q
I
M
M
Z
Z
U
U
U
V
X
G
E
V
Q
U
U
V
V
P
V
V
V
W
Q
M
W
W
J
O
W
J
E
O
S
J
X
X
J
P
O
F
F
W
D
I
H
L
I
I
L
I
I
D
D
D
L
L
N
R
U
H
D
D
D
N
A
R
W
Y
P
P
V
V
V
G
J
H
D
D
D
D
L
C
C
R
M
C
C
L
L
L
B
L
P
P
R
R
R
R
S
Z
Y
R
M
P
I
D
D
Q
G
E
E
R
D
D
I
F
F
Y
Y
Y
A
Q
Q
Q
Q
A
Z
Z
W
W
C
O
S
S
S
S
S
V
C
C
H
G
N
J
J
J
O
T
T
C
T
T
T
F
F
F
F
D
I
T
T
I
F
F
O
A
A
A
G
X
T
T
G
D
H
H
H
H
R
H
T
T
W
T
Y
N
T
T
T
T
T
T
T
T
P
P
N
N
U
T
U
D
T
M
T
W
W
L
L
L
X
C
J
J
J
N
W
H
W
N
N
N
X
N
Z
Z
U
W
W
W
Z
L
A
E
A
A
A
J
J
N
N
N
J
Y
T
M
Q
W
W
W
W
I
B
E
O
B
J
J
Z
J
J
H
W
W
B
B
N
B
F
F
F
M
J
F
F
F
U
S
S
J
J
J
S
Q
B
B
Q
J
Q
N
N
Y
G
G
G
E
N
N
N
N
O
S
S
S
T
T
T
T
D
D
D
R
R
F
J
R
Q
E
J
S
S
S
J
G
A
G
G
W
B
B
S
U
K
T
B
N
L
T
T
B
B
C
Y
C
Y
F
M
N
G
G
N
I
C
M
Z
D
D
A
D
F
Q
Q
Q
Q
E
U
U
C
C
P
K
P
T
P
S
R
R
S
P
A
A
B
L
L
L
T
L
L
Y
U
Y
Y
Y
O
O
I
T
T
T
T
T
I
R
I
E
E
U
V
H
H
H
Q
T
T
T
O
A
S
Z
Z
Z
K
F
Z
S
S
G
G
G
C
C
W
T
N
T
B
C
J
J
Z
W
C
G
A
A
P
P
K
K
P
P
L
U
U
J
J
M
I
U
K
K
K
U
T
A
A
U
U
M
M
U
B
Q
V
V
V
Y
E
Q
E
B
B
B
O
O
O
O
O
W
O
H
H
O
C
N
Y
V
Y
S
Y
Y
Y
Y
N
T
Q
Q
Q
Q
Q
Q
M
C
C
H
H
H
H
M
M
W
M
D
D
F
J
J
D
K
K
P
H
C
V
G
E
R
L
M
W
W
W
R
R
L
V
V
C
L
P
W
M
M
G
G
M
K
G
G
H
N
G
P
P
P
P
P
P
P
P
M
M
A
A
P
V
C
C
I
D
A
Q
C
Z
Z
T
Y
K
E
G
V
V
E
S
T
N
N
E
E
X
X
E
E
E
E
H
T
L
V
V
P
P
B
B
B
B
B
B
P
P
E
R
E
W
Q
H
H
H
H
H
G
V
S
S
E
E
Y
Y
Y
A
A
A
S
O
K
K
P
A
A
A
A
B
B
L
B
G
L
M
G
R
R
R
N
E
E
K
K
K
K
B
K
N
D
D
D
D
T
T
T
V
V
D
D
S
F
T
T
F
S
S
E
E
E
E
O
H
R
B
M
R
R
Z
Z
N
W
N
N
N
N
N
Y
N
Z
N
H
P
E
E
E
E
I
I
C
B
S
R
R
R
N
N
R
S
U
U
U
U
Y
A
Y
O
G
E
E
V
V
V
G
P
G
G
C
J
J
P
P
P
J
A
H
J
J
P
P
P
T
C
T
I
E
D
D
D
J
S
A
A
F
E
K
K
M
M
E
I
P
P
O
P
P
P
K
X
E
O
M
M
M
C
M
E
U
F
F
H
V
E
L
L
V
B
B
K
K
M
N
N
N
R
R
R
Z
Q
T
T
J
W
W
U
U
G
Q
Y
Y
K
Y
O
Y
Y
Y
Y
Q
N
N
J
J
H
L
H
H
G
D
E
E
I
E
H
H
H
Y
Y
Y
H
K
G
G
W
W
K
J
T
F
F
F
I
I
Z
N
P
L
N
V
Q
Y
R
N
J
Y
J
J
Q
Q
Q
L
J
J
Z
Y
Y
Z
Z
R
R
R
Z
Z
G
G
G
Z
Q
Q
Q
V
M
M
N
N
V
V
M
Z
E
M
E
E
E
R
Z
J
J
H
J
J
Q
Q
X
C
C
C
E
O
X
U
U
M
T
I
R
V
V
Q
Q
Q
W
V
I
I
I
S
G
G
G
M
M
M
U
U
X
X
G
G
D
M
M
D
D
Z
Z
Z
Z
M
M
C
C
Y
Y
Y
Y
Q
Q
Q
O
O
T
S
O
R
F
P
P
I
F
F
D
R
M
R
D
R
W
I
P
C
N
N
N
N
M
E
W
M
M
D
K
N
N
N
N
Z
B
E
E
E
E
O
O
O
J
J
T
T
T
J
X
X
W
C
Z
W
X
D
J
U
U
E
S
G
G
G
T
A
J
G
U
U
P
C
U
U
U
U
X
X
A
X
U
U
J
N
O
O
P
A
A
P
D
Q
P
R
R
R
J
J
J
J
H
J
J
J
F
F
F
R
D
D
R
Q
E
E
J
R
J
J
M
B
B
H
H
H
H
U
U
T
X
H
Y
Z
R
I
I
I
N
C
J
D
L
V
O
O
C
C
C
B
B
O
F
F
F
F
K
N
N
K
K
X
V
N
J
J
G
G
B
J
I
I
Z
P
N
N
N
A
D
C
U
U
H
L
P
P
P
F
F
F
S
A
A
I
I
I
I
S
C
D
M
G
N
I
S
S
E
P
P
P
P
T
Q
D
V
V
U
H
H
M
Z
E
E
E
O
F
F
G
G
G
K
R
P
L
P
H
T
H
H
W
W
W
W
W
W
H
U
H
Y
P
L
M
G
Z
Z
M
M
M
N
I
I
C
C
C
U
U
P
U
R
R
E
E
R
U
U
E
E
E
C
X
F
F
E
E
E
E
E
J
F
X
X
X
X
E
A
T
T
T
D
D
D
D
D
D
T
A
L
K
L
M
M
M
I
L
L
Q
A
E
E
R
G
G
Y
K
M
M
G
K
K
K
K
K
K
K
Q
H
Z
Z
Z
K
B
K
C
D
C
O
O
O
J
K
K
E
O
V
V
V
G
R
U
T
Q
U
U
U
J
E
U
U
U
Q
Q
T
T
T
T
J
V
V
J
J
F
J
Y
T
T
T
T
T
U
Y
O
N
X
Q
D
Z
D
D
N
N
U
J
Z
J
N
W
U
X
V
V
V
V
V
Z
X
L
K
L
H
L
K
H
H
I
I
V
N
V
M
L
B
E
N
S
S
N
N
N
N
N
N
N
F
F
D
A
A
A
Z
A
E
N
N
N
E
A
A
N
N
N
F
F
N
N
G
J
K
B
H
H
H
U
U
H
H
K
H
H
H
H
B
B
B
B
D
T
T
T
X
T
V
G
G
G
G
T
T
G
V
O
X
X
Q
Q
Q
E
E
E
E
E
W
U
X
X
Z
Z
S
P
L
L
L
I
B
K
K
X
D
D
G
G
G
W
W
E
L
L
T
B
T
T
T
T
G
C
A
A
A
A
Z
O
O
J
H
S
X
X
T
Y
V
E
T
T
T
M
R
W
F
I
O
Q
Q
J
J
S
O
X
K
Q
I
I
Y
L
Y
O
Y
Y
H
Y
O
C
N
G
G
X
X
Q
K
I
K
V
V
J
Y
Y
Y
Y
K
K
K
K
K
V
M
M
Y
O
X
U
N
M
Y
Y
Y
M
X
N
N
O
V
T
F
F
F
F
F
F
Z
X
B
M
M
M
X
J
J
O
O
O
O
F
F
F
F
X
B
B
B
M
E
J
D
D
H
D
D
D
D
H
B
J
U
J
W
W
W
U
U
U
U
B
S
A
A
B
Q
Q
T
V
X
V
V
H
P
P
I
Z
Z
Z
N
N
A
R
R
R
G
Z
F
Z
Z
Z
S
S
S
S
J
J
J
Q
G
G
G
G
G
Q
T
T
U
U
M
V
V
U
K
X
K
K
Q
Q
Q
K
X
T
L
G
T
T
X
J
X
T
D
D
R
I
I
L
L
L
T
L
L
L
Q
I
Y
I
Z
B
U
U
P
Y
Q
Q
Q
W
W
W
W
L
I
O
O
S
D
D
W
W
P
F
F
Q
P
L
L
B
S
S
B
G
E
K
Y
G
G
R
Z
Q
Q
Q
H
O
O
O
O
V
D
T
T
T
O
L
O
W
W
T
S
F
Z
F
F
F
B
Q
Q
I
W
I
A
I
Z
M
I
I
I
I
I
I
M
M
F
F
R
R
L
F
P
P
O
P
J
J
F
F
F
K
I
P
I
I
X
E
E
T
T
T
T
T
T
E
Q
E
K
K
K
K
Y
J
J
J
P
J
J
P
Y
Y
C
Y
M
Y
Q
Q
Q
X
Q
B
J
J
R
W
W
D
D
D
I
A
T
F
T
T
H
T
T
T
T
K
K
G
B
B
K
S
X
D
S
K
F
M
F
X
X
X
X
E
X
X
X
X
T
E
E
K
F
K
F
F
R
R
B
B
B
R
R
F
J
K
J
S
S
S
S
S
F
O
O
O
O
F
F
H
H
I
F
K
I
I
K
F
T
T
P
W
U
U
T
T
K
K
P
V
S
K
A
X
X
X
X
M
Z
X
K
X
T
T
T
T
D
D
D
D
D
U
P
E
E
P
S
Y
Y
N
G
G
G
N
N
V
E
A
A
A
I
I
I
A
A
A
W
W
W
E
W
J
W
R
M
B
T
T
V
V
N
A
J
M
M
T
T
T
M
T
D
T
T
G
G
X
X
M
B
X
X
Z
S
Y
E
G
N
I
E
E
E
F
C
B
B
C
I
U
W
U
Q
U
Y
E
E
D
U
D
K
H
H
Y
Z
O
K
K
K
K
K
Q
Q
O
I
W
R
V
I
I
I
Q
Q
Q
E
E
E
D
J
J
D
U
W
U
U
Q
V
U
U
U
Q
Q
X
X
R
K
K
I
I
I
W
W
I
M
W
H
Y
W
Y
H
R
H
V
V
H
R
R
M
M
J
D
P
T
J
K
K
M
M
H
Z
Z
Z
O
O
O
C
I
R
R
K
K
I
I
X
E
X
X
D
O
O
R
Q
Q
Q
M
W
C
Y
Q
Y
M
M
P
X
S
R
R
I
I
P
G
G
Y
D
E
E
E
B
E
D
I
K
K
Q
O
O
O
J
J
U
J
Q
Q
Q
C
R
A
J
T
X
N
L
Y
P
Y
G
T
U
G
G
R
M
Q
Q
P
P
P
C
C
P
P
T
A
A
T
U
Q
F
F
Q
Q
U
U
M
G
H
H
H
G
G
T
J
J
O
O
X
X
A
S
S
L
L
S
A
C
P
P
A
Y
Y
Y
V
J
A
A
R
C
H
W
H
Z
C
A
D
C
E
G
E
Z
Z
Y
A
R
A
W
W
P
P
R
Z
Z
U
U
E
E
E
E
D
V
J
K
M
T
L
A
A
U
U
U
U
A
A
U
X
N
F
F
F
T
T
F
E
X
R
I
I
R
U
U
C
R
R
H
H
B
B
X
H
Y
H
J
R
R
R
H
H
Z
Z
H
P
J
K
V
O
K
S
W
E
G
G
V
V
V
C
C
C
O
O
O
O
T
Y
Y
T
S
S
S
V
I
H
U
D
D
D
D
W
V
N
Y
R
D
I
D
R
R
R
I
W
W
W
W
L
R
C
C
J
A
K
C
L
L
L
S
F
F
C
N
N
C
F
C
B
V
D
D
P
P
S
S
P
D
D
D
I
W
J
W
U
U
I
F
E
N
N
M
U
U
U
X
N
U
E
S
F
E
E
E
B
O
O
O
W
E
E
D
K
Z
X
X
H
H
G
Q
Q
G
X
F
I
F
T
L
Y
Y
Y
Y
T
K
K
M
E
M
P
K
M
J
N
N
N
M
R
F
F
P
P
P
B
Q
X
U
K
U
U
U
C
A
K
Z
J
Z
Z
Z
F
F
H
R
R
R
D
W
P
S
S
J
F
X
N
F
E
X
X
B
C
C
X
M
H
P
P
S
P
X
J
E
K
E
Y
X
B
V
V
V
M
O
O
G
G
G
G
G
G
G
G
V
S
O
L
L
L
O
Q
Q
W
X
X
X
Q
S
U
D
U
U
M
K
K
M
M
M
F
F
U
U
U
G
E
O
A
M
D
B
B
D
O
M
M
M
A
A
A
A
F
F
A
T
O
O
W
W
W
B
B
B
Y
X
U
V
X
P
P
X
X
M
B
B
B
B
Q
Q
I
T
T
G
W
E
Q
B
B
M
M
B
A
A
A
B
A
A
O
Q
Q
T
L
U
T
X
I
J
W
W
W
P
D
E
B
A
R
V
D
B
N
N
G
G
G
G
V
J
I
I
I
I
X
X
T
Y
Y
Y
W
W
H
N
W
W
B
B
R
Y
Y
R
D
D
D
I
E
T
P
P
D
D
P
P
A
A
Z
B
I
J
L
T
T
P
G
B
B
B
K
B
Y
T
S
A
M
M
M
N
M
U
C
C
I
C
C
C
D
D
Q
Q
O
M
K
E
M
M
M
A
A
S
A
S
A
V
B
B
Y
K
X
A
A
A
N
N
N
G
G
D
D
A
A
A
V
P
P
P
P
V
V
Z
V
V
S
O
O
M
M
C
F
O
J
S
E
Z
E
M
M
K
K
N
V
V
A
A
A
A
N
F
L
L
L
A
B
B
L
V
L
L
L
L
K
K
K
F
T
T
T
Q
Q
Q
Q
Q
S
J
I
F
F
S
F
I
S
V
V
V
Q
Q
T
F
F
N
N
N
N
N
O
H
W
A
E
J
J
S
L
A
E
E
S
I
I
S
S
S
S
M
M
Z
W
W
E
E
V
T
T
E
I
I
R
F
F
F
F
F
C
T
T
C
W
W
R
R
V
E
M
M
M
L
W
L
W
W
R
O
V
V
V
V
R
C
E
E
M
L
M
E
B
E
O
O
E
Z
E
O
Q
Q
K
N
N
E
E
A
G
R
R
D
E
R
B
C
C
E
D
D
D
D
D
D
D
Z
X
D
U
U
Y
Y
W
V
W
W
T
T
A
A
A
A
T
W
K
K
X
X
X
K
Q
P
P
K
X
F
Q
Q
A
E
C
H
R
H
Y
Q
U
U
S
C
S
K
R
L
S
V
J
U
Z
Z
Z
Z
K
K
I
O
O
C
G
Z
G
G
G
G
G
S
G
D
G
I
Z
G
G
G
I
I
I
I
T
O
O
O
Y
Y
Y
S
T
Y
T
B
Y
I
C
R
E
H
H
H
H
Y
M
M
M
M
F
O
G
H
H
R
X
G
G
G
O
A
U
U
U
Y
Y
Y
W
G
G
H
H
X
X
X
X
D
H
H
H
H
H
H
H
Y
I
M
O
U
V
V
R
R
R
R
R
R
B
I
F
F
U
U
H
C
C
F
F
I
F
H
H
X
J
J
P
Z
Z
C
C
E
T
R
J
T
C
C
C
C
C
Y
Y
Y
J
H
V
V
K
K
K
G
N
K
K
K
K
B
B
B
T
T
K
N
Y
Y
Y
Y
N
C
V
V
B
O
L
W
B
V
J
A
J
J
P
Y
O
O
O
Y
P
P
P
P
V
H
O
P
O
E
E
E
E
P
E
P
D
B
B
D
O
E
Z
Y
Z
E
E
E
O
O
W
O
M
O
W
Z
F
C
Q
Q
V
V
V
K
Q
H
H
H
U
K
U
K
S
M
L
H
T
T
W
W
K
L
L
L
J
A
A
M
O
D
S
E
Y
H
H
H
H
H
K
X
D
T
R
R
W
L
N
A
K
D
Y
D
M
I
H
K
H
H
H
Z
Z
H
H
D
W
W
F
Y
R
F
F
F
J
F
L
D
D
Z
A
Z
C
A
A
C
H
H
B
I
I
E
U
T
T
T
S
S
F
F
D
T
T
T
T
D
I
I
I
I
I
I
C
Z
P
P
C
U
P
L
E
E
P
U
J
S
S
H
A
A
A
J
A
A
A
H
D
D
D
N
N
N
P
G
G
Z
R
Z
Z
Z
Z
D
D
D
D
X
O
T
K
B
S
S
O
D
D
M
O
S
S
K
K
Y
K
O
O
D
D
L
Z
Z
O
O
O
O
X
T
X
X
X
D
P
P
Z
Z
P
Z
P
P
V
Y
K
C
Y
V
C
M
C
O
R
O
I
I
O
O
O
P
M
Q
J
N
N
Q
Q
I
I
B
Q
U
K
Q
Q
Q
V
V
Q
A
J
E
E
P
P
J
F
J
P
X
D
X
T
N
R
F
F
Q
Q
X
B
B
C
W
M
D
B
B
V
X
X
P
Z
O
R
R
R
U
Y
U
R
R
R
R
M
R
Z
G
Z
R
N
N
U
U
N
R
E
G
S
A
A
A
E
B
E
F
F
E
Z
K
K
F
