no character
F
B
V
J
K
S
S
S
S
P
W
D
D
L
P
P
P
P
S
K
U
U
U
M
M
U
H
H
B
B
E
N
Z
N
N
Z
E
F
R
F
J
H
I
L
L
H
H
V
H
H
K
I
I
I
I
K
H
H
L
I
N
N
N
N
P
P
M
U
B
B
C
C
Y
C
B
T
D
T
T
T
B
B
B
R
Y
C
H
H
H
R
L
W
R
M
L
H
H
H
H
M
M
J
X
X
W
X
M
M
R
R
R
R
M
R
B
J
A
A
H
I
I
N
I
I
N
N
N
N
I
I
M
B
L
L
G
G
